Component: ARM Compiler 5.05 update 1 (build 106) Tool: armlink [4d0efa]

==============================================================================

Section Cross References

    main.o(i.__sti___6_main_c_TG_50HZ) refers to main.o(i._ZN7Target_C1EPFvtEi) for Target_::Target_(void(*)(unsigned short), int)
    main.o(i.__sti___6_main_c_TG_50HZ) refers to scheduler.o(.data) for Scheduler
    main.o(i.__sti___6_main_c_TG_50HZ) refers to main.o(.bss) for TG_50HZ
    main.o(i.main) refers to misc.o(i.NVIC_PriorityGroupConfig) for NVIC_PriorityGroupConfig
    main.o(i.main) refers to target.o(i._ZN7Target_3RunEv) for Target_::Run()
    main.o(i.main) refers to time.o(.data) for SystemTime
    main.o(i.main) refers to led.o(.data) for Led
    main.o(i.main) refers to usart.o(.data) for USART
    main.o(i.main) refers to battery.o(.data) for Power
    main.o(i.main) refers to sbus.o(.data) for SBUS
    main.o(i.main) refers to mpu6050.o(.data) for MPU6050
    main.o(i.main) refers to nrf24l01.o(.data) for NRF24L01
    main.o(i.main) refers to motor.o(.data) for Motor
    main.o(i.main) refers to hmc5883.o(.data) for HMC5883
    main.o(i.main) refers to posotion.o(.data) for Position
    main.o(i.main) refers to buzzer.o(.data) for Buzzer
    main.o(i.main) refers to main.o(.bss) for TG_50HZ
    main.o(.ARM.exidx) refers to main.o(i.main) for i.main
    main.o(.ARM.exidx) refers to main.o(i.__sti___6_main_c_TG_50HZ) for i.__sti___6_main_c_TG_50HZ
    main.o(.init_array) refers to main.o(i.__sti___6_main_c_TG_50HZ) for __sti___6_main_c_TG_50HZ
    main.o(.init_array) refers to init_aeabi.o(.text) for __cpp_initialize__aeabi_
    scheduler.o(i._Z10Loop_200Hzt) refers to sbus.o(.data) for SBUS
    scheduler.o(i._Z10Loop_200Hzt) refers to hmc5883.o(.data) for HMC5883
    scheduler.o(i._Z10Loop_200Hzt) refers to flycontrol.o(.data) for FlyControl
    scheduler.o(i._Z10Loop_500Hzt) refers to mpu6050.o(.data) for MPU6050
    scheduler.o(i._Z10Loop_500Hzt) refers to attitude.o(.data) for Attitude
    scheduler.o(i._Z10Loop_500Hzt) refers to posotion.o(.data) for Position
    scheduler.o(i._Z10Loop_500Hzt) refers to flycontrol.o(.data) for FlyControl
    scheduler.o(i._Z9Loop_50Hzt) refers to sysstate.o(.data) for SystemState
    scheduler.o(i._Z9Loop_50Hzt) refers to communication.o(.data) for Communication
    scheduler.o(i._Z9Loop_50Hzt) refers to flycontrol.o(.data) for FlyControl
    scheduler.o(i._Z9Loop_50Hzt) refers to battery.o(.data) for Power
    scheduler.o(i._Z9Loop_50Hzt) refers to ms5611_spi.o(.data) for MS5611_SPI
    scheduler.o(.ARM.exidx) refers to scheduler.o(i._Z11Loop_1000Hzt) for i._Z11Loop_1000Hzt
    scheduler.o(.ARM.exidx) refers to scheduler.o(i._Z10Loop_500Hzt) for i._Z10Loop_500Hzt
    scheduler.o(.ARM.exidx) refers to scheduler.o(i._Z10Loop_200Hzt) for i._Z10Loop_200Hzt
    scheduler.o(.ARM.exidx) refers to scheduler.o(i._Z9Loop_50Hzt) for i._Z9Loop_50Hzt
    scheduler.o(.data) refers to scheduler.o(i._Z11Loop_1000Hzt) for Loop_1000Hz(unsigned short)
    scheduler.o(.data) refers to scheduler.o(i._Z10Loop_500Hzt) for Loop_500Hz(unsigned short)
    scheduler.o(.data) refers to scheduler.o(i._Z10Loop_200Hzt) for Loop_200Hz(unsigned short)
    scheduler.o(.data) refers to scheduler.o(i._Z9Loop_50Hzt) for Loop_50Hz(unsigned short)
    communication.o(i._Z10Send_RC_PCv) refers to nrf24l01.o(.data) for NRF24L01
    communication.o(i._Z10Send_RC_PCv) refers to sbus.o(.data) for SBUS
    communication.o(i._Z11Communicatev) refers to communication.o(i._Z12Send_Data_PCv) for Send_Data_PC()
    communication.o(i._Z11Communicatev) refers to communication.o(i._Z17Receive_Data_MCU2PKh) for Receive_Data_MCU2(const unsigned char*)
    communication.o(i._Z11Communicatev) refers to usart.o(.data) for USART
    communication.o(i._Z12Send_Data_PCv) refers to communication.o(i._Z13Send_Eular_PCv) for Send_Eular_PC()
    communication.o(i._Z12Send_Data_PCv) refers to communication.o(i._Z14Send_Senser_PCv) for Send_Senser_PC()
    communication.o(i._Z12Send_Data_PCv) refers to communication.o(i._Z10Send_RC_PCv) for Send_RC_PC()
    communication.o(i._Z12Send_Data_PCv) refers to communication.o(i._Z13Send_Motor_PCv) for Send_Motor_PC()
    communication.o(i._Z12Send_Data_PCv) refers to communication.o(i._Z16Send_UserData_PCv) for Send_UserData_PC()
    communication.o(i._Z12Send_Data_PCv) refers to communication.o(.data) for Cnt
    communication.o(i._Z12Send_RC_MCU2v) refers to usart.o(.data) for USART
    communication.o(i._Z12Send_RC_MCU2v) refers to sbus.o(.data) for SBUS
    communication.o(i._Z13Send_Eular_PCv) refers to nrf24l01.o(.data) for NRF24L01
    communication.o(i._Z13Send_Eular_PCv) refers to attitude.o(.data) for Attitude
    communication.o(i._Z13Send_Eular_PCv) refers to posotion.o(.data) for Position
    communication.o(i._Z13Send_Eular_PCv) refers to mpu6050.o(.data) for MPU6050
    communication.o(i._Z13Send_Motor_PCv) refers to nrf24l01.o(.data) for NRF24L01
[...]
    TIM1_UP_TIM10_IRQHandler                 0x08000287   Thumb Code     0  startup_stm32f40xx.o(.text)
    TIM2_IRQHandler                          0x08000287   Thumb Code     0  startup_stm32f40xx.o(.text)
    TIM3_IRQHandler                          0x08000287   Thumb Code     0  startup_stm32f40xx.o(.text)
    TIM4_IRQHandler                          0x08000287   Thumb Code     0  startup_stm32f40xx.o(.text)
    TIM5_IRQHandler                          0x08000287   Thumb Code     0  startup_stm32f40xx.o(.text)
    TIM6_DAC_IRQHandler                      0x08000287   Thumb Code     0  startup_stm32f40xx.o(.text)
    TIM7_IRQHandler                          0x08000287   Thumb Code     0  startup_stm32f40xx.o(.text)
    TIM8_BRK_TIM12_IRQHandler                0x08000287   Thumb Code     0  startup_stm32f40xx.o(.text)
    TIM8_CC_IRQHandler                       0x08000287   Thumb Code     0  startup_stm32f40xx.o(.text)
    TIM8_TRG_COM_TIM14_IRQHandler            0x08000287   Thumb Code     0  startup_stm32f40xx.o(.text)
    TIM8_UP_TIM13_IRQHandler                 0x08000287   Thumb Code     0  startup_stm32f40xx.o(.text)
    UART4_IRQHandler                         0x08000287   Thumb Code     0  startup_stm32f40xx.o(.text)
    UART5_IRQHandler                         0x08000287   Thumb Code     0  startup_stm32f40xx.o(.text)
    USART6_IRQHandler                        0x08000287   Thumb Code     0  startup_stm32f40xx.o(.text)
    WWDG_IRQHandler                          0x08000287   Thumb Code     0  startup_stm32f40xx.o(.text)
    __user_initial_stackheap                 0x08000289   Thumb Code     0  startup_stm32f40xx.o(.text)
    __aeabi_ldivmod                          0x080002ad   Thumb Code     0  llsdiv.o(.text)
    _ll_sdiv                                 0x080002ad   Thumb Code    72  llsdiv.o(.text)
    __aeabi_memcpy4                          0x080002f5   Thumb Code     0  rt_memcpy_w.o(.text)
    __aeabi_memcpy8                          0x080002f5   Thumb Code     0  rt_memcpy_w.o(.text)
    __rt_memcpy_w                            0x080002f5   Thumb Code   100  rt_memcpy_w.o(.text)
    _memcpy_lastbytes_aligned                0x0800033d   Thumb Code     0  rt_memcpy_w.o(.text)
    __aeabi_memclr4                          0x08000359   Thumb Code     0  rt_memclr_w.o(.text)
    __aeabi_memclr8                          0x08000359   Thumb Code     0  rt_memclr_w.o(.text)
    __rt_memclr_w                            0x08000359   Thumb Code    78  rt_memclr_w.o(.text)
    _memset_w                                0x0800035d   Thumb Code     0  rt_memclr_w.o(.text)
    __use_two_region_memory                  0x080003a7   Thumb Code     2  heapauxi.o(.text)
    __rt_heap_escrow                         0x080003a9   Thumb Code     2  heapauxi.o(.text)
    __rt_heap_expand                         0x080003ab   Thumb Code     2  heapauxi.o(.text)
    __cpp_initialize__aeabi_                 0x080003ad   Thumb Code    26  init_aeabi.o(.text)
    __aeabi_uldivmod                         0x080003d1   Thumb Code     0  lludivv7m.o(.text)
    _ll_udiv                                 0x080003d1   Thumb Code   238  lludivv7m.o(.text)
    __read_errno                             0x080004bf   Thumb Code    10  _rserrno.o(.text)
    __set_errno                              0x080004c9   Thumb Code    12  _rserrno.o(.text)
    __aeabi_errno_addr                       0x080004d5   Thumb Code     8  rt_errno_addr_intlibspace.o(.text)
    __errno$intlibspace                      0x080004d5   Thumb Code     0  rt_errno_addr_intlibspace.o(.text)
    __rt_errno_addr$intlibspace              0x080004d5   Thumb Code     0  rt_errno_addr_intlibspace.o(.text)
    __user_libspace                          0x080004dd   Thumb Code     8  libspace.o(.text)
    __user_perproc_libspace                  0x080004dd   Thumb Code     0  libspace.o(.text)
    __user_perthread_libspace                0x080004dd   Thumb Code     0  libspace.o(.text)
    __user_setup_stackheap                   0x080004e5   Thumb Code    74  sys_stackheap_outer.o(.text)
    exit                                     0x0800052f   Thumb Code    12  exit.o(.text)
    _sys_exit                                0x0800053d   Thumb Code     8  sys_exit.o(.text)
    __I$use$semihosting                      0x08000549   Thumb Code     0  use_no_semi.o(.text)
    __use_no_semihosting_swi                 0x08000549   Thumb Code     2  use_no_semi.o(.text)
    ADC_Cmd                                  0x0800054b   Thumb Code    22  stm32f4xx_adc.o(i.ADC_Cmd)
    __semihosting_library_function           0x0800054b   Thumb Code     0  indicate_semi.o(.text)
    ADC_CommonInit                           0x08000561   Thumb Code    34  stm32f4xx_adc.o(i.ADC_CommonInit)
    ADC_DMACmd                               0x08000591   Thumb Code    22  stm32f4xx_adc.o(i.ADC_DMACmd)
    ADC_DMARequestAfterLastTransferCmd       0x080005a7   Thumb Code    22  stm32f4xx_adc.o(i.ADC_DMARequestAfterLastTransferCmd)
    ADC_Init                                 0x080005bd   Thumb Code    74  stm32f4xx_adc.o(i.ADC_Init)
    ADC_RegularChannelConfig                 0x08000611   Thumb Code   184  stm32f4xx_adc.o(i.ADC_RegularChannelConfig)
    ADC_SoftwareStartConv                    0x080006c9   Thumb Code    10  stm32f4xx_adc.o(i.ADC_SoftwareStartConv)
    BusFault_Handler                         0x080006d3   Thumb Code     4  stm32f4xx_it.o(i.BusFault_Handler)
    DMA_Cmd                                  0x080006d7   Thumb Code    22  stm32f4xx_dma.o(i.DMA_Cmd)
    DMA_Init                                 0x080006ed   Thumb Code    82  stm32f4xx_dma.o(i.DMA_Init)
    DebugMon_Handler                         0x08000745   Thumb Code     2  stm32f4xx_it.o(i.DebugMon_Handler)
    EXTI4_IRQHandler                         0x08000749   Thumb Code   252  nrf24l01.o(i.EXTI4_IRQHandler)
    EXTI_ClearITPendingBit                   0x08000861   Thumb Code     6  stm32f4xx_exti.o(i.EXTI_ClearITPendingBit)
    EXTI_GetITStatus                         0x0800086d   Thumb Code    20  stm32f4xx_exti.o(i.EXTI_GetITStatus)
    EXTI_Init                                0x08000885   Thumb Code   142  stm32f4xx_exti.o(i.EXTI_Init)
    FLASH_ClearFlag                          0x08000919   Thumb Code     6  stm32f4xx_flash.o(i.FLASH_ClearFlag)
    FLASH_EraseSector                        0x08000925   Thumb Code   130  stm32f4xx_flash.o(i.FLASH_EraseSector)
    FLASH_GetStatus                          0x080009ad   Thumb Code    80  stm32f4xx_flash.o(i.FLASH_GetStatus)
    FLASH_Lock                               0x08000a01   Thumb Code    14  stm32f4xx_flash.o(i.FLASH_Lock)
    FLASH_ProgramWord                        0x08000a15   Thumb Code    74  stm32f4xx_flash.o(i.FLASH_ProgramWord)
    FLASH_Unlock                             0x08000a65   Thumb Code    24  stm32f4xx_flash.o(i.FLASH_Unlock)
    FLASH_WaitForLastOperation               0x08000a89   Thumb Code    34  stm32f4xx_flash.o(i.FLASH_WaitForLastOperation)
    GPIO_Init                                0x08000aab   Thumb Code   144  stm32f4xx_gpio.o(i.GPIO_Init)
    GPIO_PinAFConfig                         0x08000b3b   Thumb Code    70  stm32f4xx_gpio.o(i.GPIO_PinAFConfig)
    GPIO_ResetBits                           0x08000b81   Thumb Code     4  stm32f4xx_gpio.o(i.GPIO_ResetBits)
    GPIO_SetBits                             0x08000b85   Thumb Code     4  stm32f4xx_gpio.o(i.GPIO_SetBits)
    HardFault_Handler                        0x08000b89   Thumb Code     4  stm32f4xx_it.o(i.HardFault_Handler)
    MemManage_Handler                        0x08000b8d   Thumb Code     4  stm32f4xx_it.o(i.MemManage_Handler)
    NMI_Handler                              0x08000b91   Thumb Code     2  stm32f4xx_it.o(i.NMI_Handler)
    NVIC_Init                                0x08000b95   Thumb Code   106  misc.o(i.NVIC_Init)
    NVIC_PriorityGroupConfig                 0x08000c0d   Thumb Code    10  misc.o(i.NVIC_PriorityGroupConfig)
    PendSV_Handler                           0x08000c21   Thumb Code     2  stm32f4xx_it.o(i.PendSV_Handler)
    RCC_AHB1PeriphClockCmd                   0x08000c25   Thumb Code    26  stm32f4xx_rcc.o(i.RCC_AHB1PeriphClockCmd)
    RCC_APB1PeriphClockCmd                   0x08000c45   Thumb Code    26  stm32f4xx_rcc.o(i.RCC_APB1PeriphClockCmd)
    RCC_APB2PeriphClockCmd                   0x08000c65   Thumb Code    26  stm32f4xx_rcc.o(i.RCC_APB2PeriphClockCmd)
    RCC_GetClocksFreq                        0x08000c85   Thumb Code   214  stm32f4xx_rcc.o(i.RCC_GetClocksFreq)
    SPI_Cmd                                  0x08000d69   Thumb Code    24  stm32f4xx_spi.o(i.SPI_Cmd)
    SPI_I2S_GetFlagStatus                    0x08000d81   Thumb Code    18  stm32f4xx_spi.o(i.SPI_I2S_GetFlagStatus)
    SPI_I2S_ReceiveData                      0x08000d93   Thumb Code     6  stm32f4xx_spi.o(i.SPI_I2S_ReceiveData)
    SPI_I2S_SendData                         0x08000d99   Thumb Code     4  stm32f4xx_spi.o(i.SPI_I2S_SendData)
    SPI_Init                                 0x08000d9d   Thumb Code    60  stm32f4xx_spi.o(i.SPI_Init)
    SVC_Handler                              0x08000dd9   Thumb Code     2  stm32f4xx_it.o(i.SVC_Handler)
    SYSCFG_EXTILineConfig                    0x08000ddd   Thumb Code    60  stm32f4xx_syscfg.o(i.SYSCFG_EXTILineConfig)
    SysTick_Handler                          0x08000e1d   Thumb Code    20  time.o(i.SysTick_Handler)
    SystemInit                               0x08000e35   Thumb Code    88  system_stm32f4xx.o(i.SystemInit)
    TIM_ARRPreloadConfig                     0x08000e9d   Thumb Code    24  stm32f4xx_tim.o(i.TIM_ARRPreloadConfig)
    TIM_Cmd                                  0x08000eb5   Thumb Code    24  stm32f4xx_tim.o(i.TIM_Cmd)
    TIM_OC1Init                              0x08000ecd   Thumb Code   114  stm32f4xx_tim.o(i.TIM_OC1Init)
    TIM_OC1PreloadConfig                     0x08000f49   Thumb Code    18  stm32f4xx_tim.o(i.TIM_OC1PreloadConfig)
    TIM_OC2Init                              0x08000f5d   Thumb Code   154  stm32f4xx_tim.o(i.TIM_OC2Init)
    TIM_OC2PreloadConfig                     0x08001001   Thumb Code    26  stm32f4xx_tim.o(i.TIM_OC2PreloadConfig)
    TIM_OC3Init                              0x0800101d   Thumb Code   150  stm32f4xx_tim.o(i.TIM_OC3Init)
    TIM_OC3PreloadConfig                     0x080010bd   Thumb Code    18  stm32f4xx_tim.o(i.TIM_OC3PreloadConfig)
    TIM_SetCompare1                          0x080010cf   Thumb Code     4  stm32f4xx_tim.o(i.TIM_SetCompare1)
    TIM_SetCompare2                          0x080010d3   Thumb Code     4  stm32f4xx_tim.o(i.TIM_SetCompare2)
    TIM_SetCompare3                          0x080010d7   Thumb Code     4  stm32f4xx_tim.o(i.TIM_SetCompare3)
    TIM_TimeBaseInit                         0x080010dd   Thumb Code   104  stm32f4xx_tim.o(i.TIM_TimeBaseInit)
    USART1_IRQHandler                        0x08001161   Thumb Code   184  gps.o(i.USART1_IRQHandler)
    USART2_IRQHandler                        0x0800123d   Thumb Code   162  sbus.o(i.USART2_IRQHandler)
    USART3_IRQHandler                        0x08001301   Thumb Code   210  usart.o(i.USART3_IRQHandler)
    USART_Cmd                                0x080013f9   Thumb Code    24  stm32f4xx_usart.o(i.USART_Cmd)
    USART_GetFlagStatus                      0x08001411   Thumb Code    26  stm32f4xx_usart.o(i.USART_GetFlagStatus)
    USART_GetITStatus                        0x0800142b   Thumb Code    84  stm32f4xx_usart.o(i.USART_GetITStatus)
    USART_ITConfig                           0x0800147f   Thumb Code    74  stm32f4xx_usart.o(i.USART_ITConfig)
    USART_Init                               0x080014c9   Thumb Code   204  stm32f4xx_usart.o(i.USART_Init)
    USART_ReceiveData                        0x0800159d   Thumb Code    10  stm32f4xx_usart.o(i.USART_ReceiveData)
    USART_SendData                           0x080015a7   Thumb Code     8  stm32f4xx_usart.o(i.USART_SendData)
    UsageFault_Handler                       0x080015af   Thumb Code     4  stm32f4xx_it.o(i.UsageFault_Handler)
    ADC_Updata()                             0x080015b5   Thumb Code   424  battery.o(i._Z10ADC_Updatav)
    Buzzer_Off()                             0x08001779   Thumb Code    14  buzzer.o(i._Z10Buzzer_Offv)
    GPS_Updata()                             0x0800178d   Thumb Code    16  gps.o(i._Z10GPS_Updatav)
    Loop_200Hz(unsigned short)               0x080017a1   Thumb Code    34  scheduler.o(i._Z10Loop_200Hzt)
    Loop_500Hz(unsigned short)               0x080017d1   Thumb Code    34  scheduler.o(i._Z10Loop_500Hzt)
    Motor_Hold()                             0x08001805   Thumb Code    64  motor.o(i._Z10Motor_Holdv)
    Motor_Init()                             0x0800184d   Thumb Code   496  motor.o(i._Z10Motor_Initv)
    Motor_Stop()                             0x08001a59   Thumb Code    80  motor.o(i._Z10Motor_Stopv)
    RTK_Updata(unsigned char*)               0x08001ab5   Thumb Code   492  rtk.o(i._Z10RTK_UpdataPh)
    Read_Flash(unsigned short)               0x08001ccd   Thumb Code    28  mpu6050.o(i._Z10Read_Flasht)
    Send_RC_PC()                             0x08001cf1   Thumb Code   594  communication.o(i._Z10Send_RC_PCv)
    State_Show(unsigned short)               0x08001f4d   Thumb Code    94  sysstate.o(i._Z10State_Showt)
    TimeNow_MS()                             0x08001fbd   Thumb Code     8  time.o(i._Z10TimeNow_MSv)
    TimeNow_US()                             0x08001fc9   Thumb Code   152  time.o(i._Z10TimeNow_USv)
    Buzzer_Init()                            0x08002069   Thumb Code    56  buzzer.o(i._Z11Buzzer_Initv)
    Communicate()                            0x080020a5   Thumb Code    22  communication.o(i._Z11Communicatev)
    LED_Reverse(unsigned short, unsigned)    0x080020c1   Thumb Code    82  led.o(i._Z11LED_Reversetj)
    Loop_1000Hz(unsigned short)              0x08002125   Thumb Code     2  scheduler.o(i._Z11Loop_1000Hzt)
    SBUS_Updata()                            0x08002127   Thumb Code     8  sbus.o(i._Z11SBUS_Updatav)
    Time_WaitMS(unsigned)                    0x0800221d   Thumb Code    24  time.o(i._Z11Time_WaitMSj)
    Time_WaitUS(unsigned)                    0x08002235   Thumb Code    28  time.o(i._Z11Time_WaitUSj)
    Write_Flash()                            0x08002251   Thumb Code   260  mpu6050.o(i._Z11Write_Flashv)
    ADC_DMA_Init()                           0x08002361   Thumb Code    90  battery.o(i._Z12ADC_DMA_Initv)
    ADS1118_Init()                           0x080023c9   Thumb Code   122  ads1118.o(i._Z12ADS1118_Initv)
    HMC5883_Init()                           0x08002449   Thumb Code    54  hmc5883.o(i._Z12HMC5883_Initv)
    MPU6050_Init()                           0x08002489   Thumb Code   114  mpu6050.o(i._Z12MPU6050_Initv)
    Motor_Output(BOOL)                       0x08002529   Thumb Code   700  motor.o(i._Z12Motor_Output4BOOL)
    SBUS_Receive()                           0x0800280d   Thumb Code   216  sbus.o(i._Z12SBUS_Receivev)
    SW_POS_Judge(unsigned short)             0x08002909   Thumb Code    30  sbus.o(i._Z12SW_POS_Judget)
    Send_Data_PC()                           0x08002929   Thumb Code    74  communication.o(i._Z12Send_Data_PCv)
    Sensor_State(unsigned short)             0x08002979   Thumb Code    10  sysstate.o(i._Z12Sensor_Statet)
    State_Updata(unsigned short)             0x0800298d   Thumb Code    36  sysstate.o(i._Z12State_Updatat)
    Updata_Eular()                           0x080029b1   Thumb Code   124  attitude.o(i._Z12Updata_Eularv)
    ADC_GOIO_Init()                          0x08002a9d   Thumb Code   128  battery.o(i._Z13ADC_GOIO_Initv)
    Body_To_Earth(Vector, float, float, float) 0x08002b29   Thumb Code   322  math_user.o(i._Z13Body_To_Earth6Vectorfff)
    MS5611_SPI_RW(unsigned char)             0x08002c95   Thumb Code    50  ms5611_spi.o(i._Z13MS5611_SPI_RWh)
    NRF24L01_Init(NRF_State)                 0x08003055   Thumb Code   210  nrf24l01.o(i._Z13NRF24L01_Init9NRF_State)
    Position_Init()                          0x08003135   Thumb Code    16  posotion.o(i._Z13Position_Initv)
    Send_Eular_PC()                          0x0800314d   Thumb Code   478  communication.o(i._Z13Send_Eular_PCv)
    Send_Motor_PC()                          0x08003341   Thumb Code   510  communication.o(i._Z13Send_Motor_PCv)
    USART_Receive()                          0x08003549   Thumb Code    16  usart.o(i._Z13USART_Receivev)
    ADS1118_RW_REG(unsigned short)           0x0800355d   Thumb Code    72  ads1118.o(i._Z14ADS1118_RW_REGt)
    ADS1118_SPI_RW(unsigned char)            0x080035a9   Thumb Code    50  ads1118.o(i._Z14ADS1118_SPI_RWh)
    ADS1118_Updata(unsigned char)            0x080035e1   Thumb Code   328  ads1118.o(i._Z14ADS1118_Updatah)
    ATT_Inner_Loop(unsigned)                 0x08003741   Thumb Code   752  flycontrol.o(i._Z14ATT_Inner_Loopj)
    ATT_Outer_Loop(unsigned)                 0x08003a55   Thumb Code   958  flycontrol.o(i._Z14ATT_Outer_Loopj)
    HMC5883_Updata()                         0x08003e5d   Thumb Code   546  hmc5883.o(i._Z14HMC5883_Updatav)
    MPU6050_Updata()                         0x0800409d   Thumb Code    16  mpu6050.o(i._Z14MPU6050_Updatav)
    POS_Inner_Loop(unsigned)                 0x080040ad   Thumb Code   820  flycontrol.o(i._Z14POS_Inner_Loopj)
    POS_Outer_Loop(unsigned)                 0x08004435   Thumb Code  1176  flycontrol.o(i._Z14POS_Outer_Loopj)
    Send_Senser_PC()                         0x080048d1   Thumb Code   660  communication.o(i._Z14Send_Senser_PCv)
    USART_Init_GPS(unsigned)                 0x08004b71   Thumb Code   180  gps.o(i._Z14USART_Init_GPSj)
    USART_SendChar()                         0x08004c2d   Thumb Code    28  usart.o(i._Z14USART_SendCharv)
    MS5611_SPI_Init()                        0x08004c51   Thumb Code    86  ms5611_spi.o(i._Z15MS5611_SPI_Initv)
    NRF24L01_SPI_RW(unsigned char)           0x08004cad   Thumb Code    50  nrf24l01.o(i._Z15NRF24L01_SPI_RWh)
    Position_Updata(unsigned short)          0x08004ce5   Thumb Code   106  posotion.o(i._Z15Position_Updatat)
    USART_Init_User(unsigned)                0x08004d69   Thumb Code   178  usart.o(i._Z15USART_Init_Userj)
    ADS1118_SPI_Init()                       0x08004e25   Thumb Code    86  ads1118.o(i._Z16ADS1118_SPI_Initv)
    Controller_State(unsigned short)         0x08004e81   Thumb Code   226  sysstate.o(i._Z16Controller_Statet)
    MPU6050_Read_ACC()                       0x08004f79   Thumb Code   288  mpu6050.o(i._Z16MPU6050_Read_ACCv)
    MPU6050_Read_GYR()                       0x080050a5   Thumb Code   288  mpu6050.o(i._Z16MPU6050_Read_GYRv)
    MS5611_GPIO_Init()                       0x080051d1   Thumb Code   126  ms5611_spi.o(i._Z16MS5611_GPIO_Initv)
    NRF24L01_GetData()                       0x080052a5   Thumb Code    14  nrf24l01.o(i._Z16NRF24L01_GetDatav)
    NRF24L01_ReadBuf(unsigned char, unsigned char*, unsigned char) 0x080052b9   Thumb Code    56  nrf24l01.o(i._Z16NRF24L01_ReadBufhPhh)
    NRF24L01_ReadReg(unsigned char)          0x080052f5   Thumb Code    34  nrf24l01.o(i._Z16NRF24L01_ReadRegh)
    Send_UserData_PC()                       0x0800531d   Thumb Code   480  communication.o(i._Z16Send_UserData_PCv)
    USART_Free_RXBUF()                       0x08005505   Thumb Code     8  usart.o(i._Z16USART_Free_RXBUFv)
    ADS1118_GPIO_Init()                      0x08005511   Thumb Code   124  ads1118.o(i._Z17ADS1118_GPIO_Initv)
    ADS1118_Read_Data(unsigned short)        0x08005595   Thumb Code    52  ads1118.o(i._Z17ADS1118_Read_Datat)
    MPU6050_Calibrate()                      0x080055cd   Thumb Code   480  mpu6050.o(i._Z17MPU6050_Calibratev)
    MPU6050_Para_Read()                      0x080057d5   Thumb Code   110  mpu6050.o(i._Z17MPU6050_Para_Readv)
    MPU6050_Para_Save()                      0x0800584d   Thumb Code    16  mpu6050.o(i._Z17MPU6050_Para_Savev)
    NRF24L01_IRQ_Init()                      0x080058a1   Thumb Code    78  nrf24l01.o(i._Z17NRF24L01_IRQ_Initv)
    NRF24L01_SPI_Init()                      0x080058f1   Thumb Code    86  nrf24l01.o(i._Z17NRF24L01_SPI_Initv)
    NRF24L01_SendData()                      0x0800594d   Thumb Code    58  nrf24l01.o(i._Z17NRF24L01_SendDatav)
    NRF24L01_WriteBuf(unsigned char, unsigned char*, unsigned char) 0x0800599d   Thumb Code    54  nrf24l01.o(i._Z17NRF24L01_WriteBufhPhh)
    NRF24L01_WriteReg(unsigned char, unsigned char) 0x080059d9   Thumb Code    36  nrf24l01.o(i._Z17NRF24L01_WriteReghh)
    Receive_Data_MCU2(const unsigned char*)  0x08005a01   Thumb Code   198  communication.o(i._Z17Receive_Data_MCU2PKh)
    Updata_Quaternion(Vector, Vector, Vector, double) 0x08005ad9   Thumb Code  2424  attitude.o(i._Z17Updata_Quaternion6VectorS_S_d)
    NRF24L01_GPIO_Init()                     0x080064ad   Thumb Code   184  nrf24l01.o(i._Z18NRF24L01_GPIO_Initv)
    NRF24L01_Free_RXBUF()                    0x08006591   Thumb Code     8  nrf24l01.o(i._Z19NRF24L01_Free_RXBUFv)
    USART_Request_TXBUF()                    0x0800659d   Thumb Code    38  usart.o(i._Z19USART_Request_TXBUFv)
    Updata_Pos_Quaternion(Vector, Vector, double) 0x0800661d   Thumb Code  2676  posotion.o(i._Z21Updata_Pos_Quaternion6VectorS_d)
    NRF24L01_Request_ACKBUF(unsigned char)   0x0800709d   Thumb Code    22  nrf24l01.o(i._Z23NRF24L01_Request_ACKBUFh)
    LED_On(unsigned short)                   0x080070b9   Thumb Code    60  led.o(i._Z6LED_Ont)
    Degrees(float)                           0x080070fd   Thumb Code    14  math_user.o(i._Z7Degreesf)
    LED_Off(unsigned short)                  0x08007111   Thumb Code    48  led.o(i._Z7LED_Offt)
    Radians(float)                           0x08007149   Thumb Code    14  math_user.o(i._Z7Radiansf)
    ADC_Init()                               0x0800715d   Thumb Code   168  battery.o(i._Z8ADC_Initv)
    GPS_Init()                               0x0800720d   Thumb Code    12  gps.o(i._Z8GPS_Initv)
    LED_Init()                               0x08007219   Thumb Code    50  led.o(i._Z8LED_Initv)
    RC_State(unsigned short)                 0x08007251   Thumb Code   128  sysstate.o(i._Z8RC_Statet)
    Buzzer_On(unsigned short)                0x080072dd   Thumb Code     2  buzzer.o(i._Z9Buzzer_Ont)
    Constrain(double, double, double)        0x080072df   Thumb Code    92  math_user.o(i._Z9Constrainddd)
    Dead_Zone(int, int)                      0x0800733b   Thumb Code    40  math_user.o(i._Z9Dead_Zoneii)
    Loop_50Hz(unsigned short)                0x08007365   Thumb Code    40  scheduler.o(i._Z9Loop_50Hzt)
    Pow_State(unsigned short)                0x080073a1   Thumb Code   168  sysstate.o(i._Z9Pow_Statet)
    SBUS_Init()                              0x08007455   Thumb Code   222  sbus.o(i._Z9SBUS_Initv)
    Safe_Asin(float)                         0x08007545   Thumb Code    86  math_user.o(i._Z9Safe_Asinf)
    Time_Init()                              0x080075a9   Thumb Code    98  time.o(i._Z9Time_Initv)
    Filter_2nd::LPF2ndFilter(Vector)         0x0800761d   Thumb Code   268  filter.o(i._ZN10Filter_2nd12LPF2ndFilterE6Vector)
    Filter_2nd::LPF2ndFilter(float)          0x08007729   Thumb Code    90  filter.o(i._ZN10Filter_2nd12LPF2ndFilterEf)
    Filter_2nd::Filter_2nd(float, float, float, float, float) 0x08007785   Thumb Code   176  filter.o(i._ZN10Filter_2ndC1Efffff)
    Filter_2nd::Filter_2nd__sub_object(float, float, float, float, float) 0x08007785   Thumb Code     0  filter.o(i._ZN10Filter_2ndC1Efffff)
    Filter_Balance::Filter_Balance(float, float, float) 0x08007839   Thumb Code    22  posotion.o(i._ZN14Filter_BalanceC1Efff)
    Filter_Balance::Filter_Balance__sub_object(float, float, float) 0x08007839   Thumb Code     0  posotion.o(i._ZN14Filter_BalanceC1Efff)
    Filter_MidValue::Bubble(double*)         0x08007855   Thumb Code   340  filter.o(i._ZN15Filter_MidValue6BubbleEPd)
    Filter_MidValue::Bubble(float*)          0x080079a9   Thumb Code   206  filter.o(i._ZN15Filter_MidValue6BubbleEPf)
    Filter_MidValue::MidValue(Vector)        0x08007a77   Thumb Code   170  filter.o(i._ZN15Filter_MidValue8MidValueE6Vector)
    Filter_MidValue::MidValue(double)        0x08007b21   Thumb Code    86  filter.o(i._ZN15Filter_MidValue8MidValueEd)
    Filter_MidValue::MidValue(float)         0x08007b77   Thumb Code    70  filter.o(i._ZN15Filter_MidValue8MidValueEf)
    Filter_MidValue::Filter_MidValue()       0x08007bbd   Thumb Code    26  rtk.o(i._ZN15Filter_MidValueC1Ev)
    Filter_MidValue::Filter_MidValue__sub_object() 0x08007bbd   Thumb Code     0  rtk.o(i._ZN15Filter_MidValueC1Ev)
    PID::Cal_PID_POS(int)                    0x08007bdd   Thumb Code   616  pid.o(i._ZN3PID11Cal_PID_POSEi)
    PID::Rst()                               0x08007e55   Thumb Code    42  pid.o(i._ZN3PID3RstEv)
    PID::PID(float, float, float, float)     0x08007e89   Thumb Code   120  pid.o(i._ZN3PIDC1Effff)
    PID::PID__sub_object(float, float, float, float) 0x08007e89   Thumb Code     0  pid.o(i._ZN3PIDC1Effff)
    Vector::Vector(float, float, float)      0x08007f09   Thumb Code    14  hmc5883.o(i._ZN6VectorC1Efff)
    Vector::Vector__sub_object(float, float, float) 0x08007f09   Thumb Code     0  hmc5883.o(i._ZN6VectorC1Efff)
    Vector::Vector()                         0x08007f19   Thumb Code    26  posotion.o(i._ZN6VectorC1Ev)
    Vector::Vector__sub_object()             0x08007f19   Thumb Code     0  posotion.o(i._ZN6VectorC1Ev)
    Target_::Run()                           0x08007f39   Thumb Code    68  target.o(i._ZN7Target_3RunEv)
    Target_::Target_(void(*)(unsigned short), int) 0x08007f81   Thumb Code    26  main.o(i._ZN7Target_C1EPFvtEi)
    Target_::Target___sub_object(void(*)(unsigned short), int) 0x08007f81   Thumb Code     0  main.o(i._ZN7Target_C1EPFvtEi)
    I2C_Soft_::Single_Read(unsigned char, unsigned char) 0x08007f9b   Thumb Code   106  i2c_soft.o(i._ZN9I2C_Soft_11Single_ReadEhh)
    I2C_Soft_::Single_Write(unsigned char, unsigned char, unsigned char) 0x08008005   Thumb Code    86  i2c_soft.o(i._ZN9I2C_Soft_12Single_WriteEhhh)
    I2C_Soft_::Ack()                         0x0800805b   Thumb Code    54  i2c_soft.o(i._ZN9I2C_Soft_3AckEv)
    I2C_Soft_::Init()                        0x08008091   Thumb Code    74  i2c_soft.o(i._ZN9I2C_Soft_4InitEv)
    I2C_Soft_::Stop()                        0x080080db   Thumb Code    54  i2c_soft.o(i._ZN9I2C_Soft_4StopEv)
    I2C_Soft_::Delay()                       0x08008111   Thumb Code    16  i2c_soft.o(i._ZN9I2C_Soft_5DelayEv)
    I2C_Soft_::NoAck()                       0x08008121   Thumb Code    54  i2c_soft.o(i._ZN9I2C_Soft_5NoAckEv)
    I2C_Soft_::Start()                       0x08008157   Thumb Code    86  i2c_soft.o(i._ZN9I2C_Soft_5StartEv)
    I2C_Soft_::WaitAck()                     0x080081ad   Thumb Code    82  i2c_soft.o(i._ZN9I2C_Soft_7WaitAckEv)
    I2C_Soft_::ReadByte()                    0x080081ff   Thumb Code    78  i2c_soft.o(i._ZN9I2C_Soft_8ReadByteEv)
    I2C_Soft_::SendByte(unsigned char)       0x0800824d   Thumb Code    82  i2c_soft.o(i._ZN9I2C_Soft_8SendByteEh)
    I2C_Soft_::I2C_Soft_(char, unsigned short, unsigned short, unsigned short) 0x080082a1   Thumb Code   122  mpu6050.o(i._ZN9I2C_Soft_C1Ecttt)
    I2C_Soft_::I2C_Soft___sub_object(char, unsigned short, unsigned short, unsigned short) 0x080082a1   Thumb Code     0  mpu6050.o(i._ZN9I2C_Soft_C1Ecttt)
    __ARM_fpclassify                         0x08008331   Thumb Code    48  fpclassify.o(i.__ARM_fpclassify)
    __ARM_fpclassifyf                        0x08008361   Thumb Code    38  fpclassifyf.o(i.__ARM_fpclassifyf)
    __aeabi_vec_ctor_nocookie_nodtor         0x08008387   Thumb Code    36  aeabi_vec_ctor_nocookie_nodtor.o(i.__aeabi_vec_ctor_nocookie_nodtor)
    __cxa_guard_acquire                      0x080083ab   Thumb Code    16  cxa_guard_acquire.o(i.__cxa_guard_acquire)
    __hardfp_asinf                           0x080083bd   Thumb Code   258  asinf.o(i.__hardfp_asinf)
    __hardfp_atan2f                          0x080084e9   Thumb Code   502  atan2f.o(i.__hardfp_atan2f)
    __hardfp_pow                             0x08008739   Thumb Code  3044  pow.o(i.__hardfp_pow)
    __hardfp_powf                            0x08009371   Thumb Code  1518  powf.o(i.__hardfp_powf)
    __mathlib_powf                           0x08009371   Thumb Code     0  powf.o(i.__hardfp_powf)
    __hardfp_powl                            0x0800997d   Thumb Code     4  powl.o(i.__hardfp_powl)
    __kernel_poly                            0x08009981   Thumb Code   248  poly.o(i.__kernel_poly)
    __mathlib_dbl_divzero                    0x08009a79   Thumb Code    28  dunder.o(i.__mathlib_dbl_divzero)
    __mathlib_dbl_infnan2                    0x08009aa9   Thumb Code    20  dunder.o(i.__mathlib_dbl_infnan2)
    __mathlib_dbl_invalid                    0x08009ac1   Thumb Code    24  dunder.o(i.__mathlib_dbl_invalid)
    __mathlib_dbl_overflow                   0x08009ae1   Thumb Code    24  dunder.o(i.__mathlib_dbl_overflow)
    __mathlib_dbl_underflow                  0x08009b01   Thumb Code    24  dunder.o(i.__mathlib_dbl_underflow)
    __mathlib_flt_divzero                    0x08009b21   Thumb Code    14  funder.o(i.__mathlib_flt_divzero)
    __mathlib_flt_infnan                     0x08009b35   Thumb Code     6  funder.o(i.__mathlib_flt_infnan)
    __mathlib_flt_infnan2                    0x08009b3b   Thumb Code     6  funder.o(i.__mathlib_flt_infnan2)
    __mathlib_flt_invalid                    0x08009b41   Thumb Code    10  funder.o(i.__mathlib_flt_invalid)
    __mathlib_flt_overflow                   0x08009b51   Thumb Code    10  funder.o(i.__mathlib_flt_overflow)
    __mathlib_flt_underflow                  0x08009b61   Thumb Code    10  funder.o(i.__mathlib_flt_underflow)
    arm_cos_f32                              0x0800a021   Thumb Code   132  arm_cos_f32.o(i.arm_cos_f32)
    arm_sin_f32                              0x0800a0b1   Thumb Code   128  arm_sin_f32.o(i.arm_sin_f32)
    fabs                                     0x0800a13d   Thumb Code    24  fabs.o(i.fabs)
    main                                     0x0800a155   Thumb Code   102  main.o(i.main)
    sqrt                                     0x0800a1f5   Thumb Code   110  sqrt.o(i.sqrt)
    sqrtf                                    0x0800a263   Thumb Code    62  sqrtf.o(i.sqrtf)
    __aeabi_dneg                             0x0800a2a1   Thumb Code     0  basic.o(x$fpl$basic)
    _dneg                                    0x0800a2a1   Thumb Code     6  basic.o(x$fpl$basic)
    __aeabi_fneg                             0x0800a2a7   Thumb Code     0  basic.o(x$fpl$basic)
    _fneg                                    0x0800a2a7   Thumb Code     6  basic.o(x$fpl$basic)
    _dabs                                    0x0800a2ad   Thumb Code     6  basic.o(x$fpl$basic)
    _fabs                                    0x0800a2b3   Thumb Code     6  basic.o(x$fpl$basic)
    __aeabi_d2f                              0x0800a2b9   Thumb Code     0  d2f.o(x$fpl$d2f)
    _d2f                                     0x0800a2b9   Thumb Code    98  d2f.o(x$fpl$d2f)
    __aeabi_dadd                             0x0800a31d   Thumb Code     0  daddsub_clz.o(x$fpl$dadd)
    _dadd                                    0x0800a31d   Thumb Code   332  daddsub_clz.o(x$fpl$dadd)
    __fpl_dcheck_NaN1                        0x0800a46d   Thumb Code    10  dcheck1.o(x$fpl$dcheck1)
    __fpl_dcmp_Inf                           0x0800a47d   Thumb Code    24  dcmpi.o(x$fpl$dcmpinf)
    __aeabi_ddiv                             0x0800a495   Thumb Code     0  ddiv.o(x$fpl$ddiv)
    _ddiv                                    0x0800a495   Thumb Code   552  ddiv.o(x$fpl$ddiv)
    __aeabi_cdcmpeq                          0x0800a745   Thumb Code     0  deqf.o(x$fpl$deqf)
    _dcmpeq                                  0x0800a745   Thumb Code   120  deqf.o(x$fpl$deqf)
    __aeabi_d2iz                             0x0800a7bd   Thumb Code     0  dfix.o(x$fpl$dfix)
    _dfix                                    0x0800a7bd   Thumb Code    94  dfix.o(x$fpl$dfix)
    __aeabi_i2d                              0x0800a81b   Thumb Code     0  dflt_clz.o(x$fpl$dflt)
    _dflt                                    0x0800a81b   Thumb Code    46  dflt_clz.o(x$fpl$dflt)
    __aeabi_l2d                              0x0800a849   Thumb Code     0  dfltll_clz.o(x$fpl$dfltll)
    _ll_sto_d                                0x0800a849   Thumb Code   162  dfltll_clz.o(x$fpl$dfltll)
    __aeabi_ui2d                             0x0800a8eb   Thumb Code     0  dflt_clz.o(x$fpl$dfltu)
    _dfltu                                   0x0800a8eb   Thumb Code    38  dflt_clz.o(x$fpl$dfltu)
    __aeabi_ul2d                             0x0800a911   Thumb Code     0  dfltll_clz.o(x$fpl$dfltull)
    _ll_uto_d                                0x0800a911   Thumb Code   138  dfltll_clz.o(x$fpl$dfltull)
    __aeabi_cdcmple                          0x0800a99d   Thumb Code     0  dleqf.o(x$fpl$dleqf)
    _dcmple                                  0x0800a99d   Thumb Code   120  dleqf.o(x$fpl$dleqf)
    __fpl_dcmple_InfNaN                      0x0800a9ff   Thumb Code     0  dleqf.o(x$fpl$dleqf)
    __aeabi_dmul                             0x0800aa15   Thumb Code     0  dmul.o(x$fpl$dmul)
    _dmul                                    0x0800aa15   Thumb Code   332  dmul.o(x$fpl$dmul)
    __fpl_dnaninf                            0x0800ab69   Thumb Code   156  dnaninf.o(x$fpl$dnaninf)
    __fpl_dretinf                            0x0800ac05   Thumb Code    12  dretinf.o(x$fpl$dretinf)
    __aeabi_cdrcmple                         0x0800ac11   Thumb Code     0  drleqf.o(x$fpl$drleqf)
    _drcmple                                 0x0800ac11   Thumb Code   108  drleqf.o(x$fpl$drleqf)
    __aeabi_drsub                            0x0800ac7d   Thumb Code     0  daddsub_clz.o(x$fpl$drsb)
    _drsb                                    0x0800ac7d   Thumb Code    22  daddsub_clz.o(x$fpl$drsb)
    _dsqrt                                   0x0800ac95   Thumb Code   404  dsqrt_umaal.o(x$fpl$dsqrt)
    __aeabi_dsub                             0x0800ae2d   Thumb Code     0  daddsub_clz.o(x$fpl$dsub)
    _dsub                                    0x0800ae2d   Thumb Code   464  daddsub_clz.o(x$fpl$dsub)
    __aeabi_f2d                              0x0800b001   Thumb Code     0  f2d.o(x$fpl$f2d)
    _f2d                                     0x0800b001   Thumb Code    86  f2d.o(x$fpl$f2d)
    __aeabi_ul2f                             0x0800b057   Thumb Code     0  ffltll_clz.o(x$fpl$ffltll)
    _ll_uto_f                                0x0800b057   Thumb Code     6  ffltll_clz.o(x$fpl$ffltll)
    __aeabi_l2f                              0x0800b05d   Thumb Code     0  ffltll_clz.o(x$fpl$ffltll)
    _ll_sto_f                                0x0800b05d   Thumb Code    90  ffltll_clz.o(x$fpl$ffltll)
    __fpl_fnaninf                            0x0800b0b7   Thumb Code   140  fnaninf.o(x$fpl$fnaninf)
    _fp_init                                 0x0800b143   Thumb Code    10  fpinit.o(x$fpl$fpinit)
    __fplib_config_fpu_vfp                   0x0800b14b   Thumb Code     0  fpinit.o(x$fpl$fpinit)
    __fplib_config_pureend_doubles           0x0800b14b   Thumb Code     0  fpinit.o(x$fpl$fpinit)
    __fpl_fretinf                            0x0800b14d   Thumb Code    10  fretinf.o(x$fpl$fretinf)
    __aeabi_d2lz                             0x0800b159   Thumb Code     0  dfixll.o(x$fpl$llsfromd)
    _ll_sfrom_d                              0x0800b159   Thumb Code   194  dfixll.o(x$fpl$llsfromd)
    __fpl_return_NaN                         0x0800b21b   Thumb Code   100  retnan.o(x$fpl$retnan)
    __ARM_scalbn                             0x0800b27f   Thumb Code    92  scalbn.o(x$fpl$scalbn)
    __fpl_cmpreturn                          0x0800b2db   Thumb Code    48  trapv.o(x$fpl$trapveneer)
    __I$use$fp                               0x0800b30a   Number         0  usenofp.o(x$fpl$usenofp)
    sinTable_f32                             0x0800b3cc   Data        2052  arm_common_tables.o(.constdata)
    __mathlib_zero                           0x0800bd98   Data           8  qnan.o(.constdata)
    Region$$Table$$Base                      0x0800bda0   Number         0  anon$$obj.o(Region$$Table)
    Region$$Table$$Limit                     0x0800bdc0   Number         0  anon$$obj.o(Region$$Table)
    SHT$$INIT_ARRAY$$Base                    0x0800bdc0   Number         0  main.o(.init_array)
    SHT$$INIT_ARRAY$$Limit                   0x0800bde4   Number         0  init_aeabi.o(.init_array)
    Scheduler                                0x20000000   Data          16  scheduler.o(.data)
    Communication                            0x20000010   Data           4  communication.o(.data)
    Control_Para                             0x20000018   Data         992  flycontrol.o(.data)
    FlyControl                               0x200003f8   Data          20  flycontrol.o(.data)
    Position                                 0x20000410   Data          16  posotion.o(.data)
    MS5611_Fused_Pos                         0x20000420   Data           4  posotion.o(.data)
    Ultra_Fused_Pos                          0x20000424   Data           4  posotion.o(.data)
    ACC_Fused_Spe                            0x20000428   Data           4  posotion.o(.data)
    IsCalulate                               0x20000458   Data           1  attitude.o(.data)
    Attitude                                 0x2000045c   Data          12  attitude.o(.data)
    Math                                     0x20000488   Data          12  math_user.o(.data)
    SystemState                              0x20000498   Data           8  sysstate.o(.data)
    usTicks                                  0x200004b0   Data           4  time.o(.data)
    TSTSTST                                  0x200004b8   Data           8  time.o(.data)
    SystemTimeMS                             0x200004c0   Data           8  time.o(.data)
    SystemTime                               0x200004c8   Data          20  time.o(.data)
    LED_State                                0x200004dc   Data           2  led.o(.data)
    Led                                      0x200004e0   Data          20  led.o(.data)
    Motor                                    0x200004fc   Data          20  motor.o(.data)
    MPU6050                                  0x20000510   Data          16  mpu6050.o(.data)
    Is_SBUS_REC                              0x2000052c   Data           1  sbus.o(.data)
    SBUS_REC_Mark                            0x2000052d   Data           1  sbus.o(.data)
    SBUS                                     0x20000530   Data          24  sbus.o(.data)
    TX_ADDRESS                               0x20000550   Data           5  nrf24l01.o(.data)
    RX_ADDRESS                               0x20000555   Data           5  nrf24l01.o(.data)
    NRF_Mode                                 0x2000055a   Data           1  nrf24l01.o(.data)
    Is_ACKBUF_IDEL                           0x2000055b   Data           1  nrf24l01.o(.data)
    Is_TXBUF_IDEL                            0x2000055c   Data           1  nrf24l01.o(.data)
    Is_RXBUF_IDEL                            0x2000055d   Data           1  nrf24l01.o(.data)
    NRF24L01                                 0x20000560   Data          24  nrf24l01.o(.data)
    Power                                    0x20000578   Data          12  battery.o(.data)
    ADS_InitStructure                        0x20000588   Data           2  ads1118.o(.data)
    ADS1118                                  0x2000058c   Data           8  ads1118.o(.data)
    GPSReceived                              0x20000598   Data           1  gps.o(.data)
    GPS_BUF_Point                            0x2000059c   Data           4  gps.o(.data)
    GPS                                      0x200005a0   Data          12  gps.o(.data)
    HMC5883                                  0x200005b4   Data          16  hmc5883.o(.data)
    Buzzer                                   0x200005c8   Data          12  buzzer.o(.data)
    IsTXBufIDEL                              0x200005d8   Data           1  usart.o(.data)
    IsRXBufIDEL                              0x200005d9   Data           1  usart.o(.data)
    USART                                    0x200005dc   Data          24  usart.o(.data)
    MS5611_SPI                               0x20000610   Data          12  ms5611_spi.o(.data)
    RTK_OPS                                  0x20000620   Data           4  rtk.o(.data)
    SystemCoreClock                          0x20000630   Data           4  system_stm32f4xx.o(.data)
    AHBPrescTable                            0x20000634   Data          16  system_stm32f4xx.o(.data)
    TG_50HZ                                  0x20000658   Data          32  main.o(.bss)
    TG_200HZ                                 0x20000678   Data          32  main.o(.bss)
    TG_500HZ                                 0x20000698   Data          32  main.o(.bss)
    User_Data                                0x200006b8   Data          24  communication.o(.bss)
    Pos_Data                                 0x200006d0   Data          24  posotion.o(.bss)
    FUSE_ALT_ACC_SPE                         0x200006e8   Data          16  posotion.o(.bss)
    FUSE_ALT_ULTRA_SPE                       0x200006f8   Data          16  posotion.o(.bss)
    FUSE_ALT_ULTRA_POS                       0x20000708   Data          16  posotion.o(.bss)
    FUSE_ALT_MS5611_POS                      0x20000718   Data          16  posotion.o(.bss)
    ACCacc_Filter                            0x20000728   Data          68  posotion.o(.bss)
    Pos_Q                                    0x2000076c   Data          16  posotion.o(.bss)
    ATT_Filter                               0x20000788   Data          68  attitude.o(.bss)
    Q                                        0x200007cc   Data          16  attitude.o(.bss)
    Angle                                    0x200007dc   Data          12  attitude.o(.bss)
    Rate                                     0x200007e8   Data          12  attitude.o(.bss)
    PWM_Data                                 0x200007f4   Data          24  motor.o(.bss)
    I2C_Soft_MPU6050                         0x20000810   Data          12  mpu6050.o(.bss)
    ACC_Filter                               0x2000081c   Data          68  mpu6050.o(.bss)
    GYR_Filter                               0x20000860   Data          80  mpu6050.o(.bss)
    MPU6050_Data                             0x200008b0   Data          72  mpu6050.o(.bss)
    SBUS_RX_BUF1                             0x20000910   Data          25  sbus.o(.bss)
    SBUS_RX_BUF2                             0x20000929   Data          25  sbus.o(.bss)
    SBUS_Data                                0x20000942   Data          48  sbus.o(.bss)
    NRF24L01_Data                            0x20000972   Data          96  nrf24l01.o(.bss)
    ADC_Value                                0x200009d4   Data          10  battery.o(.bss)
    Power_VOL_Data                           0x200009e0   Data          36  battery.o(.bss)
    GPS_BUF1                                 0x20000a04   Data         512  gps.o(.bss)
    GPS_BUF2                                 0x20000c04   Data         512  gps.o(.bss)
    GPS_Data                                 0x20000e04   Data          12  gps.o(.bss)
    I2C_HMC5883                              0x20000e10   Data          12  hmc5883.o(.bss)
    MAG_Filter                               0x20000e20   Data          80  hmc5883.o(.bss)
    HMC5883_Data                             0x20000e70   Data          56  hmc5883.o(.bss)
    I2C_Soft_Ultra                           0x20000ea8   Data          12  ultra.o(.bss)
    Ultra_Filter                             0x20000eb8   Data          80  ultra.o(.bss)
    BUF_TMP                                  0x20000f08   Data          64  usart.o(.bss)
    USART_Data                               0x20000f48   Data         128  usart.o(.bss)
    GPS_Lat_Filter                           0x20001090   Data          80  rtk.o(.bss)
    GPS_Lon_Filter                           0x200010e0   Data          80  rtk.o(.bss)
    GPS_Alt_Filter                           0x20001130   Data          80  rtk.o(.bss)
    GPS_TrackAngle_Filter                    0x20001180   Data          80  rtk.o(.bss)
    GPS_Speed_Filter                         0x200011d0   Data          80  rtk.o(.bss)
    RTK_GPS                                  0x20001220   Data          48  rtk.o(.bss)
    RTK_GPS_Speed                            0x20001250   Data          12  rtk.o(.bss)
    __libspace_start                         0x2000125c   Data          96  libspace.o(.bss)
    __temporary_stack_top$libspace           0x200012bc   Data           0  libspace.o(.bss)



==============================================================================

Memory Map of the image

  Image Entry point : 0x08000189

  Load Region LR_IROM1 (Base: 0x08000000, Size: 0x0000c438, Max: 0x00080000, ABSOLUTE, COMPRESSED[0x0000bf28])

    Execution Region ER_IROM1 (Base: 0x08000000, Size: 0x0000bde4, Max: 0x00080000, ABSOLUTE)

    Base Addr    Size         Type   Attr      Idx    E Section Name        Object

    0x08000000   0x00000188   Data   RO         2240    RESET               startup_stm32f40xx.o
    0x08000188   0x00000008   Code   RO         4961  * !!!main             c_w.l(__main.o)
    0x08000190   0x00000034   Code   RO         5465    !!!scatter          c_w.l(__scatter.o)
    0x080001c4   0x0000005a   Code   RO         5463    !!dczerorl2         c_w.l(__dczerorl2.o)
    0x0800021e   0x00000002   PAD
    0x08000220   0x0000001c   Code   RO         5467    !!handler_zi        c_w.l(__scatter_zi.o)
    0x0800023c   0x00000002   Code   RO         5258    .ARM.Collect$$libinit$$00000000  c_w.l(libinit.o)
    0x0800023e   0x00000004   Code   RO         5069    .ARM.Collect$$libinit$$00000001  c_w.l(libinit2.o)
    0x08000242   0x00000000   Code   RO         5072    .ARM.Collect$$libinit$$00000004  c_w.l(libinit2.o)
    0x08000242   0x00000000   Code   RO         5075    .ARM.Collect$$libinit$$0000000A  c_w.l(libinit2.o)
    0x08000242   0x00000000   Code   RO         5077    .ARM.Collect$$libinit$$0000000C  c_w.l(libinit2.o)
    0x08000242   0x00000000   Code   RO         5079    .ARM.Collect$$libinit$$0000000E  c_w.l(libinit2.o)
    0x08000242   0x00000000   Code   RO         5082    .ARM.Collect$$libinit$$00000011  c_w.l(libinit2.o)
    0x08000242   0x00000000   Code   RO         5084    .ARM.Collect$$libinit$$00000013  c_w.l(libinit2.o)
    0x08000242   0x00000000   Code   RO         5086    .ARM.Collect$$libinit$$00000015  c_w.l(libinit2.o)
    0x08000242   0x00000000   Code   RO         5088    .ARM.Collect$$libinit$$00000017  c_w.l(libinit2.o)
    0x08000242   0x00000000   Code   RO         5090    .ARM.Collect$$libinit$$00000019  c_w.l(libinit2.o)
    0x08000242   0x00000000   Code   RO         5092    .ARM.Collect$$libinit$$0000001B  c_w.l(libinit2.o)
    0x08000242   0x00000000   Code   RO         5094    .ARM.Collect$$libinit$$0000001D  c_w.l(libinit2.o)
    0x08000242   0x00000000   Code   RO         5096    .ARM.Collect$$libinit$$0000001F  c_w.l(libinit2.o)
    0x08000242   0x00000000   Code   RO         5098    .ARM.Collect$$libinit$$00000021  c_w.l(libinit2.o)
    0x08000242   0x00000000   Code   RO         5100    .ARM.Collect$$libinit$$00000023  c_w.l(libinit2.o)
    0x08000242   0x00000000   Code   RO         5102    .ARM.Collect$$libinit$$00000025  c_w.l(libinit2.o)
    0x08000242   0x00000000   Code   RO         5106    .ARM.Collect$$libinit$$0000002C  c_w.l(libinit2.o)
    0x08000242   0x00000000   Code   RO         5108    .ARM.Collect$$libinit$$0000002E  c_w.l(libinit2.o)
    0x08000242   0x00000000   Code   RO         5110    .ARM.Collect$$libinit$$00000030  c_w.l(libinit2.o)
    0x08000242   0x00000004   Code   RO         5111    .ARM.Collect$$libinit$$00000031  c_w.l(libinit2.o)
    0x08000246   0x00000000   Code   RO         5112    .ARM.Collect$$libinit$$00000032  c_w.l(libinit2.o)
    0x08000246   0x00000002   Code   RO         5113    .ARM.Collect$$libinit$$00000033  c_w.l(libinit2.o)
    0x08000248   0x00000002   Code   RO         5423    .ARM.Collect$$libshutdown$$00000000  c_w.l(libshutdown.o)
    0x0800024a   0x00000000   Code   RO         5432    .ARM.Collect$$libshutdown$$00000003  c_w.l(libshutdown2.o)
    0x0800024a   0x00000000   Code   RO         5435    .ARM.Collect$$libshutdown$$00000006  c_w.l(libshutdown2.o)
    0x0800024a   0x00000000   Code   RO         5438    .ARM.Collect$$libshutdown$$00000009  c_w.l(libshutdown2.o)
    0x0800024a   0x00000000   Code   RO         5440    .ARM.Collect$$libshutdown$$0000000B  c_w.l(libshutdown2.o)
    0x0800024a   0x00000000   Code   RO         5443    .ARM.Collect$$libshutdown$$0000000E  c_w.l(libshutdown2.o)
    0x0800024a   0x00000002   Code   RO         5444    .ARM.Collect$$libshutdown$$0000000F  c_w.l(libshutdown2.o)
    0x0800024c   0x00000000   Code   RO         5064    .ARM.Collect$$rtentry$$00000000  c_w.l(__rtentry.o)
    0x0800024c   0x00000000   Code   RO         5172    .ARM.Collect$$rtentry$$00000002  c_w.l(__rtentry2.o)
    0x0800024c   0x00000006   Code   RO         5184    .ARM.Collect$$rtentry$$00000004  c_w.l(__rtentry4.o)
    0x08000252   0x00000000   Code   RO         5174    .ARM.Collect$$rtentry$$00000009  c_w.l(__rtentry2.o)
    0x08000252   0x00000004   Code   RO         5175    .ARM.Collect$$rtentry$$0000000A  c_w.l(__rtentry2.o)
    0x08000256   0x00000000   Code   RO         5177    .ARM.Collect$$rtentry$$0000000C  c_w.l(__rtentry2.o)
    0x08000256   0x00000008   Code   RO         5178    .ARM.Collect$$rtentry$$0000000D  c_w.l(__rtentry2.o)
    0x0800025e   0x00000002   Code   RO         5271    .ARM.Collect$$rtexit$$00000000  c_w.l(rtexit.o)
    0x08000260   0x00000000   Code   RO         5359    .ARM.Collect$$rtexit$$00000002  c_w.l(rtexit2.o)
    0x08000260   0x00000004   Code   RO         5360    .ARM.Collect$$rtexit$$00000003  c_w.l(rtexit2.o)
    0x08000264   0x00000006   Code   RO         5361    .ARM.Collect$$rtexit$$00000004  c_w.l(rtexit2.o)
    0x0800026a   0x00000002   PAD
    0x0800026c   0x00000040   Code   RO         2241    .text               startup_stm32f40xx.o
    0x080002ac   0x00000048   Code   RO         4953    .text               c_w.l(llsdiv.o)
    0x080002f4   0x00000064   Code   RO         4955    .text               c_w.l(rt_memcpy_w.o)
    0x08000358   0x0000004e   Code   RO         4957    .text               c_w.l(rt_memclr_w.o)
    0x080003a6   0x00000006   Code   RO         4959    .text               c_w.l(heapauxi.o)
    0x080003ac   0x00000024   Code   RO         4966    .text               c_w.l(init_aeabi.o)
    0x080003d0   0x000000ee   Code   RO         5065    .text               c_w.l(lludivv7m.o)
    0x080004be   0x00000016   Code   RO         5067    .text               c_w.l(_rserrno.o)
    0x080004d4   0x00000008   Code   RO         5193    .text               c_w.l(rt_errno_addr_intlibspace.o)
    0x080004dc   0x00000008   Code   RO         5240    .text               c_w.l(libspace.o)
    0x080004e4   0x0000004a   Code   RO         5243    .text               c_w.l(sys_stackheap_outer.o)
    0x0800052e   0x0000000c   Code   RO         5247    .text               c_w.l(exit.o)
    0x0800053a   0x00000002   PAD
    0x0800053c   0x0000000c   Code   RO         5351    .text               c_w.l(sys_exit.o)
    0x08000548   0x00000002   Code   RO         5353    .text               c_w.l(use_no_semi.o)
    0x0800054a   0x00000000   Code   RO         5357    .text               c_w.l(indicate_semi.o)
    0x0800054a   0x00000016   Code   RO         3814    i.ADC_Cmd           stm32f4xx_adc.o
    0x08000560   0x00000030   Code   RO         3815    i.ADC_CommonInit    stm32f4xx_adc.o
    0x08000590   0x00000016   Code   RO         3818    i.ADC_DMACmd        stm32f4xx_adc.o
    0x080005a6   0x00000016   Code   RO         3819    i.ADC_DMARequestAfterLastTransferCmd  stm32f4xx_adc.o
    0x080005bc   0x00000054   Code   RO         3834    i.ADC_Init          stm32f4xx_adc.o
    0x08000610   0x000000b8   Code   RO         3839    i.ADC_RegularChannelConfig  stm32f4xx_adc.o
    0x080006c8   0x0000000a   Code   RO         3841    i.ADC_SoftwareStartConv  stm32f4xx_adc.o
    0x080006d2   0x00000004   Code   RO         2292    i.BusFault_Handler  stm32f4xx_it.o
    0x080006d6   0x00000016   Code   RO         4094    i.DMA_Cmd           stm32f4xx_dma.o
    0x080006ec   0x00000058   Code   RO         4106    i.DMA_Init          stm32f4xx_dma.o
    0x08000744   0x00000002   Code   RO         2293    i.DebugMon_Handler  stm32f4xx_it.o
    0x08000746   0x00000002   PAD
    0x08000748   0x00000118   Code   RO         1562    i.EXTI4_IRQHandler  nrf24l01.o
    0x08000860   0x0000000c   Code   RO         4437    i.EXTI_ClearITPendingBit  stm32f4xx_exti.o
    0x0800086c   0x00000018   Code   RO         4441    i.EXTI_GetITStatus  stm32f4xx_exti.o
    0x08000884   0x00000094   Code   RO         4442    i.EXTI_Init         stm32f4xx_exti.o
    0x08000918   0x0000000c   Code   RO         4577    i.FLASH_ClearFlag   stm32f4xx_flash.o
    0x08000924   0x00000088   Code   RO         4583    i.FLASH_EraseSector  stm32f4xx_flash.o
    0x080009ac   0x00000054   Code   RO         4585    i.FLASH_GetStatus   stm32f4xx_flash.o
    0x08000a00   0x00000014   Code   RO         4589    i.FLASH_Lock        stm32f4xx_flash.o
    0x08000a14   0x00000050   Code   RO         4613    i.FLASH_ProgramWord  stm32f4xx_flash.o
    0x08000a64   0x00000024   Code   RO         4615    i.FLASH_Unlock      stm32f4xx_flash.o
    0x08000a88   0x00000022   Code   RO         4616    i.FLASH_WaitForLastOperation  stm32f4xx_flash.o
    0x08000aaa   0x00000090   Code   RO         2423    i.GPIO_Init         stm32f4xx_gpio.o
    0x08000b3a   0x00000046   Code   RO         2424    i.GPIO_PinAFConfig  stm32f4xx_gpio.o
    0x08000b80   0x00000004   Code   RO         2430    i.GPIO_ResetBits    stm32f4xx_gpio.o
    0x08000b84   0x00000004   Code   RO         2431    i.GPIO_SetBits      stm32f4xx_gpio.o
    0x08000b88   0x00000004   Code   RO         2294    i.HardFault_Handler  stm32f4xx_it.o
    0x08000b8c   0x00000004   Code   RO         2295    i.MemManage_Handler  stm32f4xx_it.o
    0x08000b90   0x00000002   Code   RO         2296    i.NMI_Handler       stm32f4xx_it.o
    0x08000b92   0x00000002   PAD
    0x08000b94   0x00000078   Code   RO         2369    i.NVIC_Init         misc.o
    0x08000c0c   0x00000014   Code   RO         2370    i.NVIC_PriorityGroupConfig  misc.o
    0x08000c20   0x00000002   Code   RO         2297    i.PendSV_Handler    stm32f4xx_it.o
    0x08000c22   0x00000002   PAD
    0x08000c24   0x00000020   Code   RO         3417    i.RCC_AHB1PeriphClockCmd  stm32f4xx_rcc.o
    0x08000c44   0x00000020   Code   RO         3426    i.RCC_APB1PeriphClockCmd  stm32f4xx_rcc.o
    0x08000c64   0x00000020   Code   RO         3429    i.RCC_APB2PeriphClockCmd  stm32f4xx_rcc.o
    0x08000c84   0x000000e4   Code   RO         3438    i.RCC_GetClocksFreq  stm32f4xx_rcc.o
    0x08000d68   0x00000018   Code   RO         4249    i.SPI_Cmd           stm32f4xx_spi.o
    0x08000d80   0x00000012   Code   RO         4257    i.SPI_I2S_GetFlagStatus  stm32f4xx_spi.o
    0x08000d92   0x00000006   Code   RO         4260    i.SPI_I2S_ReceiveData  stm32f4xx_spi.o
    0x08000d98   0x00000004   Code   RO         4261    i.SPI_I2S_SendData  stm32f4xx_spi.o
    0x08000d9c   0x0000003c   Code   RO         4262    i.SPI_Init          stm32f4xx_spi.o
    0x08000dd8   0x00000002   Code   RO         2298    i.SVC_Handler       stm32f4xx_it.o
    0x08000dda   0x00000002   PAD
    0x08000ddc   0x00000040   Code   RO         4513    i.SYSCFG_EXTILineConfig  stm32f4xx_syscfg.o
    0x08000e1c   0x00000018   Code   RO         1218    i.SysTick_Handler   time.o
    0x08000e34   0x00000068   Code   RO         2249    i.SystemInit        system_stm32f4xx.o
    0x08000e9c   0x00000018   Code   RO         2538    i.TIM_ARRPreloadConfig  stm32f4xx_tim.o
    0x08000eb4   0x00000018   Code   RO         2550    i.TIM_Cmd           stm32f4xx_tim.o
    0x08000ecc   0x0000007c   Code   RO         2579    i.TIM_OC1Init       stm32f4xx_tim.o
    0x08000f48   0x00000012   Code   RO         2582    i.TIM_OC1PreloadConfig  stm32f4xx_tim.o
    0x08000f5a   0x00000002   PAD
    0x08000f5c   0x000000a4   Code   RO         2584    i.TIM_OC2Init       stm32f4xx_tim.o
    0x08001000   0x0000001a   Code   RO         2587    i.TIM_OC2PreloadConfig  stm32f4xx_tim.o
    0x0800101a   0x00000002   PAD
    0x0800101c   0x000000a0   Code   RO         2589    i.TIM_OC3Init       stm32f4xx_tim.o
    0x080010bc   0x00000012   Code   RO         2592    i.TIM_OC3PreloadConfig  stm32f4xx_tim.o
    0x080010ce   0x00000004   Code   RO         2612    i.TIM_SetCompare1   stm32f4xx_tim.o
    0x080010d2   0x00000004   Code   RO         2613    i.TIM_SetCompare2   stm32f4xx_tim.o
    0x080010d6   0x00000004   Code   RO         2614    i.TIM_SetCompare3   stm32f4xx_tim.o
    0x080010da   0x00000002   PAD
    0x080010dc   0x00000084   Code   RO         2622    i.TIM_TimeBaseInit  stm32f4xx_tim.o
    0x08001160   0x000000dc   Code   RO         1832    i.USART1_IRQHandler  gps.o
    0x0800123c   0x000000c4   Code   RO         1501    i.USART2_IRQHandler  sbus.o
    0x08001300   0x000000f8   Code   RO         2034    i.USART3_IRQHandler  usart.o
    0x080013f8   0x00000018   Code   RO         3200    i.USART_Cmd         stm32f4xx_usart.o
    0x08001410   0x0000001a   Code   RO         3203    i.USART_GetFlagStatus  stm32f4xx_usart.o
    0x0800142a   0x00000054   Code   RO         3204    i.USART_GetITStatus  stm32f4xx_usart.o
    0x0800147e   0x0000004a   Code   RO         3206    i.USART_ITConfig    stm32f4xx_usart.o
    0x080014c8   0x000000d4   Code   RO         3207    i.USART_Init        stm32f4xx_usart.o
    0x0800159c   0x0000000a   Code   RO         3214    i.USART_ReceiveData  stm32f4xx_usart.o
    0x080015a6   0x00000008   Code   RO         3217    i.USART_SendData    stm32f4xx_usart.o
    0x080015ae   0x00000004   Code   RO         2299    i.UsageFault_Handler  stm32f4xx_it.o
    0x080015b2   0x00000002   PAD
    0x080015b4   0x000001c4   Code   RO         1706    i._Z10ADC_Updatav   battery.o
    0x08001778   0x00000014   Code   RO         1946    i._Z10Buzzer_Offv   buzzer.o
    0x0800178c   0x00000014   Code   RO         1833    i._Z10GPS_Updatav   gps.o
    0x080017a0   0x00000030   Code   RO          283    i._Z10Loop_200Hzt   scheduler.o
    0x080017d0   0x00000034   Code   RO          284    i._Z10Loop_500Hzt   scheduler.o
    0x08001804   0x00000048   Code   RO         1340    i._Z10Motor_Holdv   motor.o
    0x0800184c   0x0000020c   Code   RO         1341    i._Z10Motor_Initv   motor.o
    0x08001a58   0x0000005c   Code   RO         1342    i._Z10Motor_Stopv   motor.o
    0x08001ab4   0x00000218   Code   RO         2199    i._Z10RTK_UpdataPh  rtk.o
    0x08001ccc   0x00000024   Code   RO         1393    i._Z10Read_Flasht   mpu6050.o
    0x08001cf0   0x0000025c   Code   RO          342    i._Z10Send_RC_PCv   communication.o
    0x08001f4c   0x00000070   Code   RO          923    i._Z10State_Showt   sysstate.o
    0x08001fbc   0x0000000c   Code   RO         1219    i._Z10TimeNow_MSv   time.o
    0x08001fc8   0x000000a0   Code   RO         1220    i._Z10TimeNow_USv   time.o
    0x08002068   0x0000003c   Code   RO         1947    i._Z11Buzzer_Initv  buzzer.o
    0x080020a4   0x0000001c   Code   RO          343    i._Z11Communicatev  communication.o
    0x080020c0   0x00000064   Code   RO         1288    i._Z11LED_Reversetj  led.o
    0x08002124   0x00000002   Code   RO          285    i._Z11Loop_1000Hzt  scheduler.o
    0x08002126   0x00000008   Code   RO         1502    i._Z11SBUS_Updatav  sbus.o
    0x0800212e   0x00000002   PAD
    0x08002130   0x000000ec   Code   RO         2250    i._Z11SetSysClockv  system_stm32f4xx.o
    0x0800221c   0x00000018   Code   RO         1221    i._Z11Time_WaitMSj  time.o
    0x08002234   0x0000001c   Code   RO         1222    i._Z11Time_WaitUSj  time.o
    0x08002250   0x00000110   Code   RO         1394    i._Z11Write_Flashv  mpu6050.o
    0x08002360   0x00000068   Code   RO         1707    i._Z12ADC_DMA_Initv  battery.o
    0x080023c8   0x00000080   Code   RO         1759    i._Z12ADS1118_Initv  ads1118.o
    0x08002448   0x00000040   Code   RO         1885    i._Z12HMC5883_Initv  hmc5883.o
    0x08002488   0x0000007c   Code   RO         1395    i._Z12MPU6050_Initv  mpu6050.o
    0x08002504   0x00000024   Code   RO         2101    i._Z12MS5611_Resetv  ms5611_spi.o
    0x08002528   0x000002e4   Code   RO         1343    i._Z12Motor_Output4BOOL  motor.o
    0x0800280c   0x000000fc   Code   RO         1503    i._Z12SBUS_Receivev  sbus.o
    0x08002908   0x0000001e   Code   RO         1504    i._Z12SW_POS_Judget  sbus.o
    0x08002926   0x00000002   PAD
    0x08002928   0x00000050   Code   RO          344    i._Z12Send_Data_PCv  communication.o
    0x08002978   0x00000014   Code   RO          924    i._Z12Sensor_Statet  sysstate.o
    0x0800298c   0x00000024   Code   RO          925    i._Z12State_Updatat  sysstate.o
    0x080029b0   0x00000094   Code   RO          717    i._Z12Updata_Eularv  attitude.o
    0x08002a44   0x0000002c   Code   RO          595    i._Z12arm_sqrt_f32fPf  posotion.o
    0x08002a70   0x0000002c   Code   RO          718    i._Z12arm_sqrt_f32fPf  attitude.o
    0x08002a9c   0x0000008c   Code   RO         1708    i._Z13ADC_GOIO_Initv  battery.o
    0x08002b28   0x0000014c   Code   RO          766    i._Z13Body_To_Earth6Vectorfff  math_user.o
    0x08002c74   0x00000020   Code   RO         2102    i._Z13MS561101_Initv  ms5611_spi.o
    0x08002c94   0x00000038   Code   RO         2103    i._Z13MS5611_SPI_RWh  ms5611_spi.o
    0x08002ccc   0x00000388   Code   RO         2104    i._Z13MS5611_Updatav  ms5611_spi.o
    0x08003054   0x000000e0   Code   RO         1563    i._Z13NRF24L01_Init9NRF_State  nrf24l01.o
    0x08003134   0x00000018   Code   RO          596    i._Z13Position_Initv  posotion.o
    0x0800314c   0x000001f4   Code   RO          346    i._Z13Send_Eular_PCv  communication.o
    0x08003340   0x00000208   Code   RO          347    i._Z13Send_Motor_PCv  communication.o
    0x08003548   0x00000014   Code   RO         2035    i._Z13USART_Receivev  usart.o
    0x0800355c   0x0000004c   Code   RO         1760    i._Z14ADS1118_RW_REGt  ads1118.o
    0x080035a8   0x00000038   Code   RO         1761    i._Z14ADS1118_SPI_RWh  ads1118.o
    0x080035e0   0x00000160   Code   RO         1762    i._Z14ADS1118_Updatah  ads1118.o
    0x08003740   0x00000314   Code   RO          487    i._Z14ATT_Inner_Loopj  flycontrol.o
    0x08003a54   0x00000408   Code   RO          488    i._Z14ATT_Outer_Loopj  flycontrol.o
    0x08003e5c   0x00000240   Code   RO         1886    i._Z14HMC5883_Updatav  hmc5883.o
    0x0800409c   0x00000010   Code   RO         1396    i._Z14MPU6050_Updatav  mpu6050.o
    0x080040ac   0x00000388   Code   RO          489    i._Z14POS_Inner_Loopj  flycontrol.o
    0x08004434   0x0000049c   Code   RO          490    i._Z14POS_Outer_Loopj  flycontrol.o
    0x080048d0   0x000002a0   Code   RO          350    i._Z14Send_Senser_PCv  communication.o
    0x08004b70   0x000000bc   Code   RO         1834    i._Z14USART_Init_GPSj  gps.o
    0x08004c2c   0x00000024   Code   RO         2036    i._Z14USART_SendCharv  usart.o
    0x08004c50   0x0000005c   Code   RO         2105    i._Z15MS5611_SPI_Initv  ms5611_spi.o
    0x08004cac   0x00000038   Code   RO         1564    i._Z15NRF24L01_SPI_RWh  nrf24l01.o
    0x08004ce4   0x00000084   Code   RO          598    i._Z15Position_Updatat  posotion.o
    0x08004d68   0x000000bc   Code   RO         2037    i._Z15USART_Init_Userj  usart.o
    0x08004e24   0x0000005c   Code   RO         1763    i._Z16ADS1118_SPI_Initv  ads1118.o
    0x08004e80   0x000000f8   Code   RO          926    i._Z16Controller_Statet  sysstate.o
    0x08004f78   0x0000012c   Code   RO         1397    i._Z16MPU6050_Read_ACCv  mpu6050.o
    0x080050a4   0x0000012c   Code   RO         1398    i._Z16MPU6050_Read_GYRv  mpu6050.o
    0x080051d0   0x00000084   Code   RO         2106    i._Z16MS5611_GPIO_Initv  ms5611_spi.o
    0x08005254   0x00000050   Code   RO         2107    i._Z16MS5611_PROM_Readv  ms5611_spi.o
    0x080052a4   0x00000014   Code   RO         1565    i._Z16NRF24L01_GetDatav  nrf24l01.o
    0x080052b8   0x0000003c   Code   RO         1566    i._Z16NRF24L01_ReadBufhPhh  nrf24l01.o
    0x080052f4   0x00000028   Code   RO         1567    i._Z16NRF24L01_ReadRegh  nrf24l01.o
    0x0800531c   0x000001e8   Code   RO          354    i._Z16Send_UserData_PCv  communication.o
    0x08005504   0x0000000c   Code   RO         2038    i._Z16USART_Free_RXBUFv  usart.o
    0x08005510   0x00000084   Code   RO         1764    i._Z17ADS1118_GPIO_Initv  ads1118.o
    0x08005594   0x00000038   Code   RO         1765    i._Z17ADS1118_Read_Datat  ads1118.o
    0x080055cc   0x00000208   Code   RO         1399    i._Z17MPU6050_Calibratev  mpu6050.o
    0x080057d4   0x00000078   Code   RO         1400    i._Z17MPU6050_Para_Readv  mpu6050.o
    0x0800584c   0x00000014   Code   RO         1401    i._Z17MPU6050_Para_Savev  mpu6050.o
    0x08005860   0x00000040   Code   RO         2108    i._Z17MS5611_Read_3Bytev  ms5611_spi.o
    0x080058a0   0x0000004e   Code   RO         1568    i._Z17NRF24L01_IRQ_Initv  nrf24l01.o
    0x080058ee   0x00000002   PAD
    0x080058f0   0x0000005c   Code   RO         1569    i._Z17NRF24L01_SPI_Initv  nrf24l01.o
    0x0800594c   0x00000050   Code   RO         1570    i._Z17NRF24L01_SendDatav  nrf24l01.o
    0x0800599c   0x0000003c   Code   RO         1571    i._Z17NRF24L01_WriteBufhPhh  nrf24l01.o
    0x080059d8   0x00000028   Code   RO         1572    i._Z17NRF24L01_WriteReghh  nrf24l01.o
    0x08005a00   0x000000d8   Code   RO          355    i._Z17Receive_Data_MCU2PKh  communication.o
    0x08005ad8   0x00000980   Code   RO          719    i._Z17Updata_Quaternion6VectorS_S_d  attitude.o
    0x08006458   0x00000054   Code   RO         2109    i._Z18MS5611_GetPressurev  ms5611_spi.o
    0x080064ac   0x000000c0   Code   RO         1573    i._Z18NRF24L01_GPIO_Initv  nrf24l01.o
    0x0800656c   0x00000024   Code   RO         2110    i._Z19MS5611_Send_Commondh  ms5611_spi.o
    0x08006590   0x0000000c   Code   RO         1576    i._Z19NRF24L01_Free_RXBUFv  nrf24l01.o
    0x0800659c   0x0000002c   Code   RO         2039    i._Z19USART_Request_TXBUFv  usart.o
    0x080065c8   0x00000054   Code   RO         2111    i._Z21MS5611_GetTemperaturev  ms5611_spi.o
    0x0800661c   0x00000a80   Code   RO          601    i._Z21Updata_Pos_Quaternion6VectorS_d  posotion.o
    0x0800709c   0x0000001c   Code   RO         1578    i._Z23NRF24L01_Request_ACKBUFh  nrf24l01.o
    0x080070b8   0x00000044   Code   RO         1289    i._Z6LED_Ont        led.o
    0x080070fc   0x00000014   Code   RO          768    i._Z7Degreesf       math_user.o
    0x08007110   0x00000038   Code   RO         1290    i._Z7LED_Offt       led.o
    0x08007148   0x00000014   Code   RO          769    i._Z7Radiansf       math_user.o
    0x0800715c   0x000000b0   Code   RO         1709    i._Z8ADC_Initv      battery.o
    0x0800720c   0x0000000c   Code   RO         1835    i._Z8GPS_Initv      gps.o
    0x08007218   0x00000038   Code   RO         1291    i._Z8LED_Initv      led.o
    0x08007250   0x0000008c   Code   RO          927    i._Z8RC_Statet      sysstate.o
    0x080072dc   0x00000002   Code   RO         1948    i._Z9Buzzer_Ont     buzzer.o
    0x080072de   0x0000005c   Code   RO          770    i._Z9Constrainddd   math_user.o
    0x0800733a   0x00000028   Code   RO          771    i._Z9Dead_Zoneii    math_user.o
    0x08007362   0x00000002   PAD
    0x08007364   0x0000003c   Code   RO          286    i._Z9Loop_50Hzt     scheduler.o
    0x080073a0   0x000000b4   Code   RO          928    i._Z9Pow_Statet     sysstate.o
    0x08007454   0x000000f0   Code   RO         1505    i._Z9SBUS_Initv     sbus.o
    0x08007544   0x00000064   Code   RO          772    i._Z9Safe_Asinf     math_user.o
    0x080075a8   0x00000074   Code   RO         1223    i._Z9Time_Initv     time.o
    0x0800761c   0x0000010c   Code   RO         1104    i._ZN10Filter_2nd12LPF2ndFilterE6Vector  filter.o
    0x08007728   0x0000005a   Code   RO         1105    i._ZN10Filter_2nd12LPF2ndFilterEf  filter.o
    0x08007782   0x00000002   PAD
    0x08007784   0x000000b4   Code   RO         1106    i._ZN10Filter_2ndC1Efffff  filter.o
    0x08007838   0x0000001c   Code   RO          663    i._ZN14Filter_BalanceC1Efff  posotion.o
    0x08007854   0x00000154   Code   RO         1110    i._ZN15Filter_MidValue6BubbleEPd  filter.o
    0x080079a8   0x000000ce   Code   RO         1111    i._ZN15Filter_MidValue6BubbleEPf  filter.o
    0x08007a76   0x000000aa   Code   RO         1112    i._ZN15Filter_MidValue8MidValueE6Vector  filter.o
    0x08007b20   0x00000056   Code   RO         1113    i._ZN15Filter_MidValue8MidValueEd  filter.o
    0x08007b76   0x00000046   Code   RO         1114    i._ZN15Filter_MidValue8MidValueEf  filter.o
    0x08007bbc   0x00000020   Code   RO         2226    i._ZN15Filter_MidValueC1Ev  rtk.o
    0x08007bdc   0x00000278   Code   RO         1185    i._ZN3PID11Cal_PID_POSEi  pid.o
    0x08007e54   0x00000034   Code   RO         1186    i._ZN3PID3RstEv     pid.o
    0x08007e88   0x00000080   Code   RO         1187    i._ZN3PIDC1Effff    pid.o
    0x08007f08   0x0000000e   Code   RO         1919    i._ZN6VectorC1Efff  hmc5883.o
    0x08007f16   0x00000002   PAD
    0x08007f18   0x00000020   Code   RO          669    i._ZN6VectorC1Ev    posotion.o
    0x08007f38   0x00000048   Code   RO          996    i._ZN7Target_3RunEv  target.o
    0x08007f80   0x0000001a   Code   RO           31    i._ZN7Target_C1EPFvtEi  main.o
    0x08007f9a   0x0000006a   Code   RO         1020    i._ZN9I2C_Soft_11Single_ReadEhh  i2c_soft.o
    0x08008004   0x00000056   Code   RO         1021    i._ZN9I2C_Soft_12Single_WriteEhhh  i2c_soft.o
    0x0800805a   0x00000036   Code   RO         1022    i._ZN9I2C_Soft_3AckEv  i2c_soft.o
    0x08008090   0x0000004a   Code   RO         1023    i._ZN9I2C_Soft_4InitEv  i2c_soft.o
    0x080080da   0x00000036   Code   RO         1024    i._ZN9I2C_Soft_4StopEv  i2c_soft.o
    0x08008110   0x00000010   Code   RO         1025    i._ZN9I2C_Soft_5DelayEv  i2c_soft.o
    0x08008120   0x00000036   Code   RO         1026    i._ZN9I2C_Soft_5NoAckEv  i2c_soft.o
    0x08008156   0x00000056   Code   RO         1027    i._ZN9I2C_Soft_5StartEv  i2c_soft.o
    0x080081ac   0x00000052   Code   RO         1028    i._ZN9I2C_Soft_7WaitAckEv  i2c_soft.o
    0x080081fe   0x0000004e   Code   RO         1029    i._ZN9I2C_Soft_8ReadByteEv  i2c_soft.o
    0x0800824c   0x00000052   Code   RO         1030    i._ZN9I2C_Soft_8SendByteEh  i2c_soft.o
    0x0800829e   0x00000002   PAD
    0x080082a0   0x00000090   Code   RO         1476    i._ZN9I2C_Soft_C1Ecttt  mpu6050.o
    0x08008330   0x00000030   Code   RO         5223    i.__ARM_fpclassify  m_wm.l(fpclassify.o)
    0x08008360   0x00000026   Code   RO         5129    i.__ARM_fpclassifyf  m_wm.l(fpclassifyf.o)
    0x08008386   0x00000024   Code   RO         4975    i.__aeabi_vec_ctor_nocookie_nodtor  cpprt_w.l(aeabi_vec_ctor_nocookie_nodtor.o)
    0x080083aa   0x00000010   Code   RO         4969    i.__cxa_guard_acquire  cpprt_w.l(cxa_guard_acquire.o)
    0x080083ba   0x00000002   PAD
    0x080083bc   0x0000012c   Code   RO         5022    i.__hardfp_asinf    m_wm.l(asinf.o)
    0x080084e8   0x00000250   Code   RO         5034    i.__hardfp_atan2f   m_wm.l(atan2f.o)
    0x08008738   0x00000c38   Code   RO         5145    i.__hardfp_pow      m_wm.l(pow.o)
    0x08009370   0x0000060c   Code   RO         5046    i.__hardfp_powf     m_wm.l(powf.o)
    0x0800997c   0x00000004   Code   RO         5060    i.__hardfp_powl     m_wm.l(powl.o)
    0x08009980   0x000000f8   Code   RO         5225    i.__kernel_poly     m_wm.l(poly.o)
    0x08009a78   0x00000030   Code   RO         5203    i.__mathlib_dbl_divzero  m_wm.l(dunder.o)
    0x08009aa8   0x00000014   Code   RO         5205    i.__mathlib_dbl_infnan2  m_wm.l(dunder.o)
    0x08009abc   0x00000004   PAD
    0x08009ac0   0x00000020   Code   RO         5206    i.__mathlib_dbl_invalid  m_wm.l(dunder.o)
    0x08009ae0   0x00000020   Code   RO         5207    i.__mathlib_dbl_overflow  m_wm.l(dunder.o)
    0x08009b00   0x00000020   Code   RO         5209    i.__mathlib_dbl_underflow  m_wm.l(dunder.o)
    0x08009b20   0x00000014   Code   RO         5131    i.__mathlib_flt_divzero  m_wm.l(funder.o)
    0x08009b34   0x00000006   Code   RO         5132    i.__mathlib_flt_infnan  m_wm.l(funder.o)
    0x08009b3a   0x00000006   Code   RO         5133    i.__mathlib_flt_infnan2  m_wm.l(funder.o)
    0x08009b40   0x00000010   Code   RO         5134    i.__mathlib_flt_invalid  m_wm.l(funder.o)
    0x08009b50   0x00000010   Code   RO         5135    i.__mathlib_flt_overflow  m_wm.l(funder.o)
    0x08009b60   0x00000010   Code   RO         5137    i.__mathlib_flt_underflow  m_wm.l(funder.o)
    0x08009b70   0x00000068   Code   RO          720    i.__sti___10_Attitude_c_70178b78  attitude.o
    0x08009bd8   0x000000ac   Code   RO          602    i.__sti___10_Posotion_c_Pos_Data  posotion.o
    0x08009c84   0x0000014c   Code   RO          491    i.__sti___12_FlyControl_c_6e3fbe5e  flycontrol.o
    0x08009dd0   0x00000050   Code   RO         2112    i.__sti___12_MS5611_SPI_c_dec73ae7  ms5611_spi.o
    0x08009e20   0x00000040   Code   RO         2200    i.__sti___5_RTK_c_a7553dec  rtk.o
    0x08009e60   0x00000040   Code   RO            4    i.__sti___6_main_c_TG_50HZ  main.o
    0x08009ea0   0x0000003c   Code   RO         1993    i.__sti___7_Ultra_c_220f73de  ultra.o
    0x08009edc   0x000000a0   Code   RO         1887    i.__sti___9_HMC5883_c_5f2e7b48  hmc5883.o
    0x08009f7c   0x000000a4   Code   RO         1402    i.__sti___9_MPU6050_c_b1a692db  mpu6050.o
    0x0800a020   0x00000090   Code   RO         4929    i.arm_cos_f32       arm_cos_f32.o
    0x0800a0b0   0x0000008c   Code   RO         4900    i.arm_sin_f32       arm_sin_f32.o
    0x0800a13c   0x00000018   Code   RO         5219    i.fabs              m_wm.l(fabs.o)
    0x0800a154   0x000000a0   Code   RO            5    i.main              main.o
    0x0800a1f4   0x0000006e   Code   RO         5230    i.sqrt              m_wm.l(sqrt.o)
    0x0800a262   0x0000003e   Code   RO         5161    i.sqrtf             m_wm.l(sqrtf.o)
    0x0800a2a0   0x00000018   Code   RO         4978    x$fpl$basic         fz_wm.l(basic.o)
    0x0800a2b8   0x00000062   Code   RO         4980    x$fpl$d2f           fz_wm.l(d2f.o)
    0x0800a31a   0x00000002   PAD
    0x0800a31c   0x00000150   Code   RO         4982    x$fpl$dadd          fz_wm.l(daddsub_clz.o)
    0x0800a46c   0x00000010   Code   RO         5265    x$fpl$dcheck1       fz_wm.l(dcheck1.o)
    0x0800a47c   0x00000018   Code   RO         5116    x$fpl$dcmpinf       fz_wm.l(dcmpi.o)
    0x0800a494   0x000002b0   Code   RO         4989    x$fpl$ddiv          fz_wm.l(ddiv.o)
    0x0800a744   0x00000078   Code   RO         4992    x$fpl$deqf          fz_wm.l(deqf.o)
    0x0800a7bc   0x0000005e   Code   RO         4994    x$fpl$dfix          fz_wm.l(dfix.o)
    0x0800a81a   0x0000002e   Code   RO         5003    x$fpl$dflt          fz_wm.l(dflt_clz.o)
    0x0800a848   0x000000a2   Code   RO         5008    x$fpl$dfltll        fz_wm.l(dfltll_clz.o)
    0x0800a8ea   0x00000026   Code   RO         5002    x$fpl$dfltu         fz_wm.l(dflt_clz.o)
    0x0800a910   0x0000008a   Code   RO         5009    x$fpl$dfltull       fz_wm.l(dfltll_clz.o)
    0x0800a99a   0x00000002   PAD
    0x0800a99c   0x00000078   Code   RO         5012    x$fpl$dleqf         fz_wm.l(dleqf.o)
    0x0800aa14   0x00000154   Code   RO         5014    x$fpl$dmul          fz_wm.l(dmul.o)
    0x0800ab68   0x0000009c   Code   RO         5118    x$fpl$dnaninf       fz_wm.l(dnaninf.o)
    0x0800ac04   0x0000000c   Code   RO         5120    x$fpl$dretinf       fz_wm.l(dretinf.o)
    0x0800ac10   0x0000006c   Code   RO         5016    x$fpl$drleqf        fz_wm.l(drleqf.o)
    0x0800ac7c   0x00000016   Code   RO         4983    x$fpl$drsb          fz_wm.l(daddsub_clz.o)
    0x0800ac92   0x00000002   PAD
    0x0800ac94   0x00000198   Code   RO         5267    x$fpl$dsqrt         fz_wm.l(dsqrt_umaal.o)
    0x0800ae2c   0x000001d4   Code   RO         4984    x$fpl$dsub          fz_wm.l(daddsub_clz.o)
    0x0800b000   0x00000056   Code   RO         5018    x$fpl$f2d           fz_wm.l(f2d.o)
    0x0800b056   0x00000060   Code   RO         5020    x$fpl$ffltll        fz_wm.l(ffltll_clz.o)
    0x0800b0b6   0x0000008c   Code   RO         5122    x$fpl$fnaninf       fz_wm.l(fnaninf.o)
    0x0800b142   0x0000000a   Code   RO         5199    x$fpl$fpinit        fz_wm.l(fpinit.o)
    0x0800b14c   0x0000000a   Code   RO         5124    x$fpl$fretinf       fz_wm.l(fretinf.o)
    0x0800b156   0x00000002   PAD
    0x0800b158   0x000000c2   Code   RO         4998    x$fpl$llsfromd      fz_wm.l(dfixll.o)
    0x0800b21a   0x00000064   Code   RO         5349    x$fpl$retnan        fz_wm.l(retnan.o)
    0x0800b27e   0x0000005c   Code   RO         5201    x$fpl$scalbn        fz_wm.l(scalbn.o)
    0x0800b2da   0x00000030   Code   RO         5404    x$fpl$trapveneer    fz_wm.l(trapv.o)
    0x0800b30a   0x00000000   Code   RO         5128    x$fpl$usenofp       fz_wm.l(usenofp.o)
    0x0800b30a   0x000000c0   Data   RO         1512    .constdata          sbus.o
    0x0800b3ca   0x00000002   PAD
    0x0800b3cc   0x00000804   Data   RO         4875    .constdata          arm_common_tables.o
    0x0800bbd0   0x00000140   Data   RO         5049    .constdata          m_wm.l(powf.o)
    0x0800bd10   0x00000088   Data   RO         5148    .constdata          m_wm.l(pow.o)
    0x0800bd98   0x00000008   Data   RO         5227    .constdata          m_wm.l(qnan.o)
    0x0800bda0   0x00000020   Data   RO         5461    Region$$Table       anon$$obj.o
    0x0800bdc0   0x00000004   Data   RO            9    .init_array         main.o
    0x0800bdc4   0x00000004   Data   RO          498    .init_array         flycontrol.o
    0x0800bdc8   0x00000004   Data   RO          613    .init_array         posotion.o
    0x0800bdcc   0x00000004   Data   RO          727    .init_array         attitude.o
    0x0800bdd0   0x00000004   Data   RO         1415    .init_array         mpu6050.o
    0x0800bdd4   0x00000004   Data   RO         1893    .init_array         hmc5883.o
    0x0800bdd8   0x00000004   Data   RO         1999    .init_array         ultra.o
    0x0800bddc   0x00000004   Data   RO         2127    .init_array         ms5611_spi.o
    0x0800bde0   0x00000004   Data   RO         2205    .init_array         rtk.o
    0x0800bde4   0x00000000   Data   RO         4964    .init_array         c_w.l(init_aeabi.o)


    Execution Region RW_IRAM1 (Base: 0x20000000, Size: 0x000018c0, Max: 0x00020000, ABSOLUTE, COMPRESSED[0x00000144])

    Base Addr    Size         Type   Attr      Idx    E Section Name        Object

    0x20000000   0x00000010   Data   RW          291    .data               scheduler.o
    0x20000010   0x00000007   Data   RW          377    .data               communication.o
    0x20000017   0x00000001   PAD
    0x20000018   0x000003f4   Data   RW          497    .data               flycontrol.o
    0x2000040c   0x00000004   PAD
    0x20000410   0x00000048   Data   RW          612    .data               posotion.o
    0x20000458   0x00000030   Data   RW          726    .data               attitude.o
    0x20000488   0x0000000c   Data   RW          780    .data               math_user.o
    0x20000494   0x00000004   PAD
    0x20000498   0x00000015   Data   RW          935    .data               sysstate.o
    0x200004ad   0x00000003   PAD
    0x200004b0   0x0000002c   Data   RW         1230    .data               time.o
    0x200004dc   0x00000020   Data   RW         1296    .data               led.o
    0x200004fc   0x00000014   Data   RW         1349    .data               motor.o
    0x20000510   0x0000001c   Data   RW         1414    .data               mpu6050.o
    0x2000052c   0x00000021   Data   RW         1513    .data               sbus.o
    0x2000054d   0x00000003   PAD
    0x20000550   0x00000028   Data   RW         1597    .data               nrf24l01.o
    0x20000578   0x0000000d   Data   RW         1715    .data               battery.o
    0x20000585   0x00000003   PAD
    0x20000588   0x0000000d   Data   RW         1773    .data               ads1118.o
    0x20000595   0x00000003   PAD
    0x20000598   0x0000001b   Data   RW         1841    .data               gps.o
    0x200005b3   0x00000001   PAD
    0x200005b4   0x00000014   Data   RW         1892    .data               hmc5883.o
    0x200005c8   0x00000010   Data   RW         1952    .data               buzzer.o
    0x200005d8   0x00000022   Data   RW         2047    .data               usart.o
    0x200005fa   0x00000006   PAD
    0x20000600   0x0000001e   Data   RW         2126    .data               ms5611_spi.o
    0x2000061e   0x00000002   PAD
    0x20000620   0x00000010   Data   RW         2204    .data               rtk.o
    0x20000630   0x00000014   Data   RW         2254    .data               system_stm32f4xx.o
    0x20000644   0x00000010   Data   RW         3523    .data               stm32f4xx_rcc.o
    0x20000654   0x00000004   PAD
    0x20000658   0x00000060   Zero   RW            8    .bss                main.o
    0x200006b8   0x00000018   Zero   RW          376    .bss                communication.o
    0x200006d0   0x000000b8   Zero   RW          611    .bss                posotion.o
    0x20000788   0x0000006c   Zero   RW          725    .bss                attitude.o
    0x200007f4   0x00000018   Zero   RW         1348    .bss                motor.o
    0x2000080c   0x00000004   PAD
    0x20000810   0x00000100   Zero   RW         1413    .bss                mpu6050.o
    0x20000910   0x00000062   Zero   RW         1511    .bss                sbus.o
    0x20000972   0x00000060   Zero   RW         1596    .bss                nrf24l01.o
    0x200009d2   0x00000002   PAD
    0x200009d4   0x00000030   Zero   RW         1714    .bss                battery.o
    0x20000a04   0x0000040c   Zero   RW         1840    .bss                gps.o
    0x20000e10   0x00000098   Zero   RW         1891    .bss                hmc5883.o
    0x20000ea8   0x00000060   Zero   RW         1997    .bss                ultra.o
    0x20000f08   0x000000c0   Zero   RW         2046    .bss                usart.o
    0x20000fc8   0x000000c8   Zero   RW         2125    .bss                ms5611_spi.o
    0x20001090   0x000001cc   Zero   RW         2203    .bss                rtk.o
    0x2000125c   0x00000060   Zero   RW         5241    .bss                c_w.l(libspace.o)
    0x200012bc   0x00000004   PAD
    0x200012c0   0x00000200   Zero   RW         2239    HEAP                startup_stm32f40xx.o
    0x200014c0   0x00000400   Zero   RW         2238    STACK               startup_stm32f40xx.o


==============================================================================

Image component sizes


      Code (inc. data)   RO Data    RW Data    ZI Data      Debug   Object Name

       892         58          0         13          0       6341   ads1118.o
         0          0       2052          0          0        663   arm_common_tables.o
       144         12          0          0          0        762   arm_cos_f32.o
       140         12          0          0          0        762   arm_sin_f32.o
      2728        104          4         48        108       3677   attitude.o
       872         62          0         13         48       3904   battery.o
        82         10          0         16          0       2248   buzzer.o
      3108         98          0          7         24       9216   communication.o
      1410          4          0          0          0       6132   filter.o
      4236        320          4       1012          0       8250   flycontrol.o
       440         48          0         27       1036       3988   gps.o
       814         80          4         20        152       5858   hmc5883.o
       772          0          0          0          0       6812   i2c_soft.o
       280         40          0         32          0       3108   led.o
       250         76          4          0         96     342119   main.o
       604         36          0         12          0      20442   math_user.o
       140         24          0          0          0       1619   misc.o
      1428         88          0         20         24       3475   motor.o
      2016        172          4         28        256      10627   mpu6050.o
      1680        168          4         30        200       8918   ms5611_spi.o
      1262        120          0         40         96      10914   nrf24l01.o
       812         34          0          0          0       2076   pid.o
      3120        150          4         72        184      22349   posotion.o
       632         74          4         16        460       2993   rtk.o
       726         88        192         33         98       5989   sbus.o
       162         52          0         16          0       3592   scheduler.o
        64         26        392          0       1536        844   startup_stm32f40xx.o
       392         24          0          0          0       5659   stm32f4xx_adc.o
       110          6          0          0          0       2441   stm32f4xx_dma.o
       184         16          0          0          0       2184   stm32f4xx_exti.o
       402         40          0          0          0       4629   stm32f4xx_flash.o
       222          0          0          0          0       2991   stm32f4xx_gpio.o
        24          0          0          0          0       3832   stm32f4xx_it.o
       324         32          0         16          0       4803   stm32f4xx_rcc.o
       112          0          0          0          0       3614   stm32f4xx_spi.o
        64          4          0          0          0        676   stm32f4xx_syscfg.o
       702         58          0          0          0       8325   stm32f4xx_tim.o
       438          8          0          0          0       5593   stm32f4xx_usart.o
       736         74          0         21          0       4909   sysstate.o
       340         32          0         20          0       1889   system_stm32f4xx.o
        72          4          0          0          0        584   target.o
       364         34          0         44          0      30789   time.o
        60         14          4          0         96        936   ultra.o
       548         70          0         34        192       5107   usart.o

    ----------------------------------------------------------------------
     33938       2372       2706       1620       4616     586639   Object Totals
         0          0         32          0          0          0   (incl. Generated)
        30          0          2         30         10          0   (incl. Padding)

    ----------------------------------------------------------------------

      Code (inc. data)   RO Data    RW Data    ZI Data      Debug   Library Member Name

        90          0          0          0          0          0   __dczerorl2.o
         8          0          0          0          0         68   __main.o
         0          0          0          0          0          0   __rtentry.o
        12          0          0          0          0          0   __rtentry2.o
         6          0          0          0          0          0   __rtentry4.o
        52          8          0          0          0          0   __scatter.o
        28          0          0          0          0          0   __scatter_zi.o
        22          0          0          0          0        100   _rserrno.o
        12          0          0          0          0         72   exit.o
         6          0          0          0          0        152   heapauxi.o
         0          0          0          0          0          0   indicate_semi.o
        36         10          0          0          0         80   init_aeabi.o
         2          0          0          0          0          0   libinit.o
        10          0          0          0          0          0   libinit2.o
         2          0          0          0          0          0   libshutdown.o
         2          0          0          0          0          0   libshutdown2.o
         8          4          0          0         96         68   libspace.o
        72          0          0          0          0         76   llsdiv.o
       238          0          0          0          0        100   lludivv7m.o
         8          4          0          0          0         68   rt_errno_addr_intlibspace.o
        78          0          0          0          0         80   rt_memclr_w.o
       100          0          0          0          0         80   rt_memcpy_w.o
         2          0          0          0          0          0   rtexit.o
        10          0          0          0          0          0   rtexit2.o
        12          4          0          0          0         68   sys_exit.o
        74          0          0          0          0         80   sys_stackheap_outer.o
         2          0          0          0          0         68   use_no_semi.o
        36          0          0          0          0         84   aeabi_vec_ctor_nocookie_nodtor.o
        16          0          0          0          0         68   cxa_guard_acquire.o
        24          0          0          0          0        164   basic.o
        98          4          0          0          0        140   d2f.o
       826         16          0          0          0        492   daddsub_clz.o
        16          4          0          0          0        116   dcheck1.o
        24          0          0          0          0        116   dcmpi.o
       688        140          0          0          0        256   ddiv.o
       120          4          0          0          0        140   deqf.o
        94          4          0          0          0        140   dfix.o
       194          4          0          0          0        164   dfixll.o
        84          0          0          0          0        232   dflt_clz.o
       300          0          0          0          0        264   dfltll_clz.o
       120          4          0          0          0        140   dleqf.o
       340         12          0          0          0        152   dmul.o
       156          4          0          0          0        140   dnaninf.o
        12          0          0          0          0        116   dretinf.o
       108          0          0          0          0        128   drleqf.o
       408         56          0          0          0        168   dsqrt_umaal.o
        86          4          0          0          0        132   f2d.o
        96          0          0          0          0        132   ffltll_clz.o
       140          4          0          0          0        132   fnaninf.o
        10          0          0          0          0        116   fpinit.o
        10          0          0          0          0        116   fretinf.o
       100          0          0          0          0        116   retnan.o
        92          0          0          0          0        116   scalbn.o
        48          0          0          0          0        116   trapv.o
         0          0          0          0          0          0   usenofp.o
       300         42          0          0          0        176   asinf.o
       592         90          0          0          0        184   atan2f.o
       164         44          0          0          0        620   dunder.o
        24          0          0          0          0        124   fabs.o
        48          0          0          0          0        124   fpclassify.o
        38          0          0          0          0        116   fpclassifyf.o
        80         24          0          0          0        696   funder.o
       248          0          0          0          0        152   poly.o
      3128        302        136          0          0        356   pow.o
      1548        110        320          0          0        268   powf.o
         4          0          0          0          0        116   powl.o
         0          0          8          0          0          0   qnan.o
       110          0          0          0          0        148   sqrt.o
        62          0          0          0          0        136   sqrtf.o

    ----------------------------------------------------------------------
     11504        902        464          0        100       8572   Library Totals
        20          0          0          0          4          0   (incl. Padding)

    ----------------------------------------------------------------------

      Code (inc. data)   RO Data    RW Data    ZI Data      Debug   Library Name

       892         30          0          0         96       1160   c_w.l
        52          0          0          0          0        152   cpprt_w.l
      4194        260          0          0          0       4044   fz_wm.l
      6346        612        464          0          0       3216   m_wm.l

    ----------------------------------------------------------------------
     11504        902        464          0        100       8572   Library Totals

    ----------------------------------------------------------------------

==============================================================================


      Code (inc. data)   RO Data    RW Data    ZI Data      Debug   

     45442       3274       3170       1620       4716     569187   Grand Totals
     45442       3274       3170        324       4716     569187   ELF Image Totals (compressed)
     45442       3274       3170        324          0          0   ROM Totals

==============================================================================

    Total RO  Size (Code + RO Data)                48612 (  47.47kB)
    Total RW  Size (RW Data + ZI Data)              6336 (   6.19kB)
    Total ROM Size (Code + RO Data + RW Data)      48936 (  47.79kB)

==============================================================================

